Component: ARM Compiler 5.06 update 6 (build 750) Tool: armlink [4d35ed]

==============================================================================

Section Cross References

    startup.o(STACK) refers (Special) to heapauxi.o(.text) for __use_two_region_memory
    startup.o(HEAP) refers (Special) to heapauxi.o(.text) for __use_two_region_memory
    startup.o(RESET) refers (Special) to heapauxi.o(.text) for __use_two_region_memory
    startup.o(RESET) refers to startup.o(STACK) for StackMem
    startup.o(RESET) refers to lab8.o(i.SysTick_Handler) for SysTick_Handler
    startup.o(RESET) refers to lab8.o(i.Timer0A_Handler) for Timer0A_Handler
    startup.o(RESET) refers to lab8.o(i.Timer1A_Handler) for Timer1A_Handler
    startup.o(RESET) refers to __main.o(!!!main) for __main
    startup.o(.text) refers (Special) to heapauxi.o(.text) for __use_two_region_memory
    startup.o(.text) refers to startup.o(HEAP) for HeapMem
    startup.o(.text) refers to startup.o(STACK) for StackMem
    print.o(.text) refers (Special) to st7735.o(i.ST7735_OutString) for ST7735_OutString
    print.o(.text) refers to st7735.o(i.ST7735_OutChar) for ST7735_OutChar
    adc.o(i.Timer0A_Init) refers to startup.o(.text) for StartCritical
    adc.o(i.Timer1A_Init) refers to startup.o(.text) for StartCritical
    lab8.o(i.BinaryRandom) refers to random.o(.text) for Random
    lab8.o(i.CheckEnd) refers to st7735.o(i.ST7735_SetCursor) for ST7735_SetCursor
    lab8.o(i.CheckEnd) refers to st7735.o(i.ST7735_OutString) for ST7735_OutString
    lab8.o(i.CheckEnd) refers to print.o(.text) for LCD_OutDec
    lab8.o(i.CheckEnd) refers to st7735.o(i.ST7735_FillScreen) for ST7735_FillScreen
    lab8.o(i.CheckEnd) refers to lab8.o(.data) for sprite
    lab8.o(i.ClearAttacks) refers to st7735.o(i.ST7735_DrawBitmap) for ST7735_DrawBitmap
    lab8.o(i.ClearAttacks) refers to lab8.o(.data) for WaveAttackStruct
    lab8.o(i.Convert) refers to lab8.o(.data) for pos
    lab8.o(i.DrawBoss) refers to random.o(.text) for Random
    lab8.o(i.DrawBoss) refers to st7735.o(i.ST7735_DrawBitmap) for ST7735_DrawBitmap
    lab8.o(i.DrawBoss) refers to lab8.o(.data) for sprite
    lab8.o(i.DrawPlayer) refers to st7735.o(i.ST7735_DrawBitmap) for ST7735_DrawBitmap
    lab8.o(i.DrawPlayer) refers to lab8.o(i.CheckCollision) for CheckCollision
    lab8.o(i.DrawPlayer) refers to lab8.o(.data) for sprite
    lab8.o(i.DrawPlayerAttack) refers to st7735.o(i.ST7735_DrawBitmap) for ST7735_DrawBitmap
    lab8.o(i.DrawPlayerAttack) refers to lab8.o(i.CheckCollision) for CheckCollision
    lab8.o(i.DrawPlayerAttack) refers to lab8.o(.data) for PlayerAttackFlag
    lab8.o(i.StraightAttack) refers to lab8.o(i.xRandom) for xRandom
    lab8.o(i.StraightAttack) refers to st7735.o(i.ST7735_DrawBitmap) for ST7735_DrawBitmap
    lab8.o(i.StraightAttack) refers to lab8.o(i.CheckCollision) for CheckCollision
    lab8.o(i.StraightAttack) refers to lab8.o(.data) for straightattackflag
    lab8.o(i.SysTick_Handler) refers to io.o(i.IO_HeartBeat) for IO_HeartBeat
    lab8.o(i.SysTick_Handler) refers to adc.o(i.yADC_In) for yADC_In
    lab8.o(i.SysTick_Handler) refers to adc.o(i.xADC_In) for xADC_In
    lab8.o(i.SysTick_Handler) refers to io.o(i.button) for button
    lab8.o(i.SysTick_Handler) refers to lab8.o(.data) for xADCMail
    lab8.o(i.Timer0A_Handler) refers to lab8.o(.data) for straightattackflag
    lab8.o(i.Timer1A_Handler) refers to lab8.o(.data) for Index
    lab8.o(i.TracerAttack) refers to st7735.o(i.ST7735_DrawBitmap) for ST7735_DrawBitmap
    lab8.o(i.TracerAttack) refers to lab8.o(i.CheckCollision) for CheckCollision
    lab8.o(i.TracerAttack) refers to lab8.o(.data) for tracerattackflag
    lab8.o(i.TracerAttackInit) refers to lab8.o(i.xRandom) for xRandom
    lab8.o(i.TracerAttackInit) refers to lab8.o(i.yRandom) for yRandom
    lab8.o(i.TracerAttackInit) refers to lab8.o(.data) for TracerAttackStruct
    lab8.o(i.WaveAttack) refers to st7735.o(i.ST7735_DrawBitmap) for ST7735_DrawBitmap
    lab8.o(i.WaveAttack) refers to lab8.o(i.CheckCollision) for CheckCollision
    lab8.o(i.WaveAttack) refers to lab8.o(i.WaveAttackInit) for WaveAttackInit
    lab8.o(i.WaveAttack) refers to lab8.o(.data) for waveattackflag
    lab8.o(i.WaveAttackInit) refers to lab8.o(i.xRandom) for xRandom
    lab8.o(i.WaveAttackInit) refers to lab8.o(i.yRandom) for yRandom
    lab8.o(i.WaveAttackInit) refers to lab8.o(i.BinaryRandom) for BinaryRandom
    lab8.o(i.WaveAttackInit) refers to lab8.o(.data) for WaveAttackStruct
    lab8.o(i.main) refers to startup.o(.text) for DisableInterrupts
    lab8.o(i.main) refers to pll.o(i.PLL_Init) for PLL_Init
    lab8.o(i.main) refers to st7735.o(i.Output_Init) for Output_Init
    lab8.o(i.main) refers to io.o(i.PortF_Init) for PortF_Init
    lab8.o(i.main) refers to adc.o(i.ADC_Init) for ADC_Init
    lab8.o(i.main) refers to lab8.o(i.DAC_Init) for DAC_Init
    lab8.o(i.main) refers to adc.o(i.SysTick_Init) for SysTick_Init
    lab8.o(i.main) refers to adc.o(i.Timer0A_Init) for Timer0A_Init
    lab8.o(i.main) refers to adc.o(i.Timer1A_Init) for Timer1A_Init
    lab8.o(i.main) refers to lab8.o(i.WaveAttackInit) for WaveAttackInit
    lab8.o(i.main) refers to lab8.o(i.TracerAttackInit) for TracerAttackInit
    lab8.o(i.main) refers to st7735.o(i.ST7735_FillScreen) for ST7735_FillScreen
    lab8.o(i.main) refers to st7735.o(i.ST7735_SetCursor) for ST7735_SetCursor
    lab8.o(i.main) refers to st7735.o(i.ST7735_OutString) for ST7735_OutString
    lab8.o(i.main) refers to io.o(i.button) for button
    lab8.o(i.main) refers to random.o(.text) for Random_Init
    lab8.o(i.main) refers to lab8.o(i.Convert) for Convert
    lab8.o(i.main) refers to lab8.o(i.CheckEnd) for CheckEnd
    lab8.o(i.main) refers to io.o(i.button2) for button2
    lab8.o(i.main) refers to lab8.o(i.ClearAttacks) for ClearAttacks
    lab8.o(i.main) refers to lab8.o(i.DrawPlayer) for DrawPlayer
    lab8.o(i.main) refers to lab8.o(i.DrawBoss) for DrawBoss
    lab8.o(i.main) refers to lab8.o(i.DrawPlayerAttack) for DrawPlayerAttack
    lab8.o(i.main) refers to lab8.o(i.StraightAttack) for StraightAttack
    lab8.o(i.main) refers to lab8.o(i.WaveAttack) for WaveAttack
    lab8.o(i.main) refers to lab8.o(i.TracerAttack) for TracerAttack
    lab8.o(i.main) refers to lab8.o(.data) for xADCMail
    lab8.o(i.xRandom) refers to random.o(.text) for Random
    lab8.o(i.yRandom) refers to random.o(.text) for Random
    lab8.o(.data) refers to lab8.o(.constdata) for naruto
    st7735.o(i.Output_Clear) refers to st7735.o(i.ST7735_FillScreen) for ST7735_FillScreen
    st7735.o(i.Output_Color) refers to st7735.o(i.ST7735_SetTextColor) for ST7735_SetTextColor
    st7735.o(i.Output_Init) refers to st7735.o(i.ST7735_InitR) for ST7735_InitR
    st7735.o(i.Output_Init) refers to st7735.o(i.ST7735_FillScreen) for ST7735_FillScreen
    st7735.o(i.Output_Off) refers to st7735.o(i.Output_Clear) for Output_Clear
    st7735.o(i.Output_On) refers to st7735.o(i.Output_Init) for Output_Init
    st7735.o(i.ST7735_DrawBitmap) refers to st7735.o(i.setAddrWindow) for setAddrWindow
    st7735.o(i.ST7735_DrawBitmap) refers to lcd.o(.text) for writedata
    st7735.o(i.ST7735_DrawBitmap) refers to st7735.o(.data) for _width
    st7735.o(i.ST7735_DrawChar) refers to st7735.o(i.setAddrWindow) for setAddrWindow
    st7735.o(i.ST7735_DrawChar) refers to st7735.o(i.pushColor) for pushColor
    st7735.o(i.ST7735_DrawChar) refers to st7735.o(.data) for _width
    st7735.o(i.ST7735_DrawChar) refers to st7735.o(.constdata) for Font
    st7735.o(i.ST7735_DrawCharS) refers to st7735.o(i.ST7735_DrawPixel) for ST7735_DrawPixel
    st7735.o(i.ST7735_DrawCharS) refers to st7735.o(i.ST7735_FillRect) for ST7735_FillRect
    st7735.o(i.ST7735_DrawCharS) refers to st7735.o(.data) for _width
    st7735.o(i.ST7735_DrawCharS) refers to st7735.o(.constdata) for Font
    st7735.o(i.ST7735_DrawFastHLine) refers to st7735.o(i.setAddrWindow) for setAddrWindow
    st7735.o(i.ST7735_DrawFastHLine) refers to lcd.o(.text) for writedata
    st7735.o(i.ST7735_DrawFastHLine) refers to st7735.o(.data) for _width
    st7735.o(i.ST7735_DrawFastVLine) refers to st7735.o(i.setAddrWindow) for setAddrWindow
    st7735.o(i.ST7735_DrawFastVLine) refers to lcd.o(.text) for writedata
    st7735.o(i.ST7735_DrawFastVLine) refers to st7735.o(.data) for _width
    st7735.o(i.ST7735_DrawPixel) refers to st7735.o(i.setAddrWindow) for setAddrWindow
    st7735.o(i.ST7735_DrawPixel) refers to st7735.o(i.pushColor) for pushColor
    st7735.o(i.ST7735_DrawPixel) refers to st7735.o(.data) for _width
    st7735.o(i.ST7735_DrawString) refers to st7735.o(i.ST7735_DrawCharS) for ST7735_DrawCharS
    st7735.o(i.ST7735_FillRect) refers to st7735.o(i.setAddrWindow) for setAddrWindow
    st7735.o(i.ST7735_FillRect) refers to lcd.o(.text) for writedata
    st7735.o(i.ST7735_FillRect) refers to st7735.o(.data) for _width
    st7735.o(i.ST7735_FillScreen) refers to st7735.o(i.ST7735_FillRect) for ST7735_FillRect
    st7735.o(i.ST7735_FillScreen) refers to st7735.o(.data) for _height
    st7735.o(i.ST7735_InitB) refers to st7735.o(i.commonInit) for commonInit
    st7735.o(i.ST7735_InitB) refers to st7735.o(i.ST7735_SetCursor) for ST7735_SetCursor
    st7735.o(i.ST7735_InitB) refers to st7735.o(i.ST7735_FillScreen) for ST7735_FillScreen
    st7735.o(i.ST7735_InitB) refers to st7735.o(.constdata) for Bcmd
    st7735.o(i.ST7735_InitB) refers to st7735.o(.data) for StTextColor
    st7735.o(i.ST7735_InitR) refers to st7735.o(i.commonInit) for commonInit
    st7735.o(i.ST7735_InitR) refers to st7735.o(i.commandList) for commandList
    st7735.o(i.ST7735_InitR) refers to lcd.o(.text) for writecommand
    st7735.o(i.ST7735_InitR) refers to st7735.o(i.ST7735_SetCursor) for ST7735_SetCursor
    st7735.o(i.ST7735_InitR) refers to st7735.o(i.ST7735_FillScreen) for ST7735_FillScreen
    st7735.o(i.ST7735_InitR) refers to st7735.o(.constdata) for Rcmd1
    st7735.o(i.ST7735_InitR) refers to st7735.o(.data) for ColStart
    st7735.o(i.ST7735_InvertDisplay) refers to lcd.o(.text) for writecommand
    st7735.o(i.ST7735_OutChar) refers to st7735.o(i.ST7735_DrawString) for ST7735_DrawString
    st7735.o(i.ST7735_OutChar) refers to st7735.o(i.ST7735_DrawCharS) for ST7735_DrawCharS
    st7735.o(i.ST7735_OutChar) refers to st7735.o(.data) for StY
    st7735.o(i.ST7735_OutString) refers to st7735.o(i.ST7735_OutChar) for ST7735_OutChar
    st7735.o(i.ST7735_OutUDec) refers to st7735.o(i.fillmessage) for fillmessage
    st7735.o(i.ST7735_OutUDec) refers to st7735.o(i.ST7735_DrawString) for ST7735_DrawString
    st7735.o(i.ST7735_OutUDec) refers to st7735.o(i.ST7735_DrawCharS) for ST7735_DrawCharS
    st7735.o(i.ST7735_OutUDec) refers to st7735.o(.data) for Messageindex
    st7735.o(i.ST7735_OutUDec) refers to st7735.o(.bss) for Message
    st7735.o(i.ST7735_PlotBar) refers to st7735.o(i.ST7735_DrawFastVLine) for ST7735_DrawFastVLine
    st7735.o(i.ST7735_PlotBar) refers to st7735.o(.data) for Ymin
    st7735.o(i.ST7735_PlotClear) refers to st7735.o(i.ST7735_Color565) for ST7735_Color565
    st7735.o(i.ST7735_PlotClear) refers to st7735.o(i.ST7735_FillRect) for ST7735_FillRect
    st7735.o(i.ST7735_PlotClear) refers to st7735.o(.data) for Ymax
    st7735.o(i.ST7735_PlotLine) refers to st7735.o(i.ST7735_DrawPixel) for ST7735_DrawPixel
    st7735.o(i.ST7735_PlotLine) refers to st7735.o(.data) for Ymin
    st7735.o(i.ST7735_PlotNext) refers to st7735.o(.data) for X
    st7735.o(i.ST7735_PlotNextErase) refers to st7735.o(i.ST7735_Color565) for ST7735_Color565
    st7735.o(i.ST7735_PlotNextErase) refers to st7735.o(i.ST7735_DrawFastVLine) for ST7735_DrawFastVLine
    st7735.o(i.ST7735_PlotNextErase) refers to st7735.o(.data) for X
    st7735.o(i.ST7735_PlotPoint) refers to st7735.o(i.ST7735_DrawPixel) for ST7735_DrawPixel
    st7735.o(i.ST7735_PlotPoint) refers to st7735.o(.data) for Ymin
    st7735.o(i.ST7735_PlotPoints) refers to st7735.o(i.ST7735_DrawPixel) for ST7735_DrawPixel
    st7735.o(i.ST7735_PlotPoints) refers to st7735.o(.data) for Ymin
    st7735.o(i.ST7735_PlotdBfs) refers to st7735.o(i.ST7735_DrawFastVLine) for ST7735_DrawFastVLine
    st7735.o(i.ST7735_PlotdBfs) refers to st7735.o(.constdata) for dBfs
    st7735.o(i.ST7735_PlotdBfs) refers to st7735.o(.data) for X
    st7735.o(i.ST7735_SetCursor) refers to st7735.o(.data) for StX
    st7735.o(i.ST7735_SetRotation) refers to lcd.o(.text) for writecommand
    st7735.o(i.ST7735_SetRotation) refers to st7735.o(.data) for Rotation
    st7735.o(i.ST7735_SetTextColor) refers to st7735.o(.data) for StTextColor
    st7735.o(i.commandList) refers to lcd.o(.text) for writecommand
    st7735.o(i.commandList) refers to st7735.o(i.Delay1ms) for Delay1ms
    st7735.o(i.commonInit) refers to st7735.o(i.Delay1ms) for Delay1ms
    st7735.o(i.commonInit) refers to st7735.o(i.commandList) for commandList
    st7735.o(i.commonInit) refers to st7735.o(.data) for RowStart
    st7735.o(i.fillmessage) refers to st7735.o(.bss) for Message
    st7735.o(i.fillmessage) refers to st7735.o(.data) for Messageindex
    st7735.o(i.fputc) refers to st7735.o(i.ST7735_OutChar) for ST7735_OutChar
    st7735.o(i.pushColor) refers to lcd.o(.text) for writedata
    st7735.o(i.setAddrWindow) refers to lcd.o(.text) for writecommand
    st7735.o(i.setAddrWindow) refers to st7735.o(.data) for ColStart
    random.o(.text) refers to random.o(DATA) for M
    __main.o(!!!main) refers to __rtentry.o(.ARM.Collect$$rtentry$$00000000) for __rt_entry
    __rtentry.o(.ARM.Collect$$rtentry$$00000000) refers (Special) to __rtentry2.o(.ARM.Collect$$rtentry$$0000000A) for __rt_entry_li
    __rtentry.o(.ARM.Collect$$rtentry$$00000000) refers (Special) to __rtentry2.o(.ARM.Collect$$rtentry$$0000000D) for __rt_entry_main
    __rtentry.o(.ARM.Collect$$rtentry$$00000000) refers (Special) to __rtentry2.o(.ARM.Collect$$rtentry$$0000000C) for __rt_entry_postli_1
    __rtentry.o(.ARM.Collect$$rtentry$$00000000) refers (Special) to __rtentry2.o(.ARM.Collect$$rtentry$$00000009) for __rt_entry_postsh_1
    __rtentry.o(.ARM.Collect$$rtentry$$00000000) refers (Special) to __rtentry2.o(.ARM.Collect$$rtentry$$00000002) for __rt_entry_presh_1
    __rtentry.o(.ARM.Collect$$rtentry$$00000000) refers (Special) to __rtentry4.o(.ARM.Collect$$rtentry$$00000004) for __rt_entry_sh
    __rtentry2.o(.ARM.Collect$$rtentry$$00000008) refers to boardinit2.o(.text) for _platform_post_stackheap_init
    __rtentry2.o(.ARM.Collect$$rtentry$$0000000A) refers to libinit.o(.ARM.Collect$$libinit$$00000000) for __rt_lib_init
    __rtentry2.o(.ARM.Collect$$rtentry$$0000000B) refers to boardinit3.o(.text) for _platform_post_lib_init
    __rtentry2.o(.ARM.Collect$$rtentry$$0000000D) refers to lab8.o(i.main) for main
    __rtentry2.o(.ARM.Collect$$rtentry$$0000000D) refers to exit.o(.text) for exit
    __rtentry2.o(.ARM.exidx) refers to __rtentry2.o(.ARM.Collect$$rtentry$$00000001) for .ARM.Collect$$rtentry$$00000001
    __rtentry2.o(.ARM.exidx) refers to __rtentry2.o(.ARM.Collect$$rtentry$$00000008) for .ARM.Collect$$rtentry$$00000008
    __rtentry2.o(.ARM.exidx) refers to __rtentry2.o(.ARM.Collect$$rtentry$$0000000A) for .ARM.Collect$$rtentry$$0000000A
    __rtentry2.o(.ARM.exidx) refers to __rtentry2.o(.ARM.Collect$$rtentry$$0000000B) for .ARM.Collect$$rtentry$$0000000B
    __rtentry2.o(.ARM.exidx) refers to __rtentry2.o(.ARM.Collect$$rtentry$$0000000D) for .ARM.Collect$$rtentry$$0000000D
    __rtentry4.o(.ARM.Collect$$rtentry$$00000004) refers to sys_stackheap_outer.o(.text) for __user_setup_stackheap
    __rtentry4.o(.ARM.exidx) refers to __rtentry4.o(.ARM.Collect$$rtentry$$00000004) for .ARM.Collect$$rtentry$$00000004
    sys_stackheap_outer.o(.text) refers to libspace.o(.text) for __user_perproc_libspace
    sys_stackheap_outer.o(.text) refers to startup.o(.text) for __user_initial_stackheap
    exit.o(.text) refers to rtexit.o(.ARM.Collect$$rtexit$$00000000) for __rt_exit
    libinit.o(.ARM.Collect$$libinit$$00000000) refers (Special) to libinit2.o(.ARM.Collect$$libinit$$0000002E) for __rt_lib_init_alloca_1
    libinit.o(.ARM.Collect$$libinit$$00000000) refers (Special) to libinit2.o(.ARM.Collect$$libinit$$0000002C) for __rt_lib_init_argv_1
    libinit.o(.ARM.Collect$$libinit$$00000000) refers (Special) to libinit2.o(.ARM.Collect$$libinit$$0000001B) for __rt_lib_init_atexit_1
    libinit.o(.ARM.Collect$$libinit$$00000000) refers (Special) to libinit2.o(.ARM.Collect$$libinit$$00000021) for __rt_lib_init_clock_1
    libinit.o(.ARM.Collect$$libinit$$00000000) refers (Special) to libinit2.o(.ARM.Collect$$libinit$$00000032) for __rt_lib_init_cpp_1
    libinit.o(.ARM.Collect$$libinit$$00000000) refers (Special) to libinit2.o(.ARM.Collect$$libinit$$00000030) for __rt_lib_init_exceptions_1
    libinit.o(.ARM.Collect$$libinit$$00000000) refers (Special) to libinit2.o(.ARM.Collect$$libinit$$00000002) for __rt_lib_init_fp_1
    libinit.o(.ARM.Collect$$libinit$$00000000) refers (Special) to libinit2.o(.ARM.Collect$$libinit$$0000001F) for __rt_lib_init_fp_trap_1
    libinit.o(.ARM.Collect$$libinit$$00000000) refers (Special) to libinit2.o(.ARM.Collect$$libinit$$00000023) for __rt_lib_init_getenv_1
    libinit.o(.ARM.Collect$$libinit$$00000000) refers (Special) to libinit2.o(.ARM.Collect$$libinit$$0000000A) for __rt_lib_init_heap_1
    libinit.o(.ARM.Collect$$libinit$$00000000) refers (Special) to libinit2.o(.ARM.Collect$$libinit$$00000011) for __rt_lib_init_lc_collate_1
    libinit.o(.ARM.Collect$$libinit$$00000000) refers (Special) to libinit2.o(.ARM.Collect$$libinit$$00000013) for __rt_lib_init_lc_ctype_1
    libinit.o(.ARM.Collect$$libinit$$00000000) refers (Special) to libinit2.o(.ARM.Collect$$libinit$$00000015) for __rt_lib_init_lc_monetary_1
    libinit.o(.ARM.Collect$$libinit$$00000000) refers (Special) to libinit2.o(.ARM.Collect$$libinit$$00000017) for __rt_lib_init_lc_numeric_1
    libinit.o(.ARM.Collect$$libinit$$00000000) refers (Special) to libinit2.o(.ARM.Collect$$libinit$$00000019) for __rt_lib_init_lc_time_1
    libinit.o(.ARM.Collect$$libinit$$00000000) refers (Special) to libinit2.o(.ARM.Collect$$libinit$$00000004) for __rt_lib_init_preinit_1
    libinit.o(.ARM.Collect$$libinit$$00000000) refers (Special) to libinit2.o(.ARM.Collect$$libinit$$0000000E) for __rt_lib_init_rand_1
    libinit.o(.ARM.Collect$$libinit$$00000000) refers (Special) to libinit2.o(.ARM.Collect$$libinit$$00000033) for __rt_lib_init_return
    libinit.o(.ARM.Collect$$libinit$$00000000) refers (Special) to libinit2.o(.ARM.Collect$$libinit$$0000001D) for __rt_lib_init_signal_1
    libinit.o(.ARM.Collect$$libinit$$00000000) refers (Special) to libinit2.o(.ARM.Collect$$libinit$$00000025) for __rt_lib_init_stdio_1
    libinit.o(.ARM.Collect$$libinit$$00000000) refers (Special) to libinit2.o(.ARM.Collect$$libinit$$0000000C) for __rt_lib_init_user_alloc_1
    libspace.o(.text) refers to libspace.o(.bss) for __libspace_start
    rtexit.o(.ARM.Collect$$rtexit$$00000000) refers (Special) to rtexit2.o(.ARM.Collect$$rtexit$$00000004) for __rt_exit_exit
    rtexit.o(.ARM.Collect$$rtexit$$00000000) refers (Special) to rtexit2.o(.ARM.Collect$$rtexit$$00000003) for __rt_exit_ls
    rtexit.o(.ARM.Collect$$rtexit$$00000000) refers (Special) to rtexit2.o(.ARM.Collect$$rtexit$$00000002) for __rt_exit_prels_1
    rtexit.o(.ARM.exidx) refers (Special) to rtexit2.o(.ARM.Collect$$rtexit$$00000004) for __rt_exit_exit
    rtexit.o(.ARM.exidx) refers (Special) to rtexit2.o(.ARM.Collect$$rtexit$$00000003) for __rt_exit_ls
    rtexit.o(.ARM.exidx) refers (Special) to rtexit2.o(.ARM.Collect$$rtexit$$00000002) for __rt_exit_prels_1
    rtexit.o(.ARM.exidx) refers to rtexit.o(.ARM.Collect$$rtexit$$00000000) for .ARM.Collect$$rtexit$$00000000
    libinit2.o(.ARM.Collect$$libinit$$00000010) refers to libinit2.o(.ARM.Collect$$libinit$$0000000F) for .ARM.Collect$$libinit$$0000000F
    libinit2.o(.ARM.Collect$$libinit$$00000012) refers to libinit2.o(.ARM.Collect$$libinit$$0000000F) for .ARM.Collect$$libinit$$0000000F
    libinit2.o(.ARM.Collect$$libinit$$00000014) refers to libinit2.o(.ARM.Collect$$libinit$$0000000F) for .ARM.Collect$$libinit$$0000000F
    libinit2.o(.ARM.Collect$$libinit$$00000016) refers to libinit2.o(.ARM.Collect$$libinit$$0000000F) for .ARM.Collect$$libinit$$0000000F
    libinit2.o(.ARM.Collect$$libinit$$00000018) refers to libinit2.o(.ARM.Collect$$libinit$$0000000F) for .ARM.Collect$$libinit$$0000000F
    libinit2.o(.ARM.Collect$$libinit$$00000026) refers to argv_veneer.o(.emb_text) for __ARM_argv_veneer
    libinit2.o(.ARM.Collect$$libinit$$00000027) refers to argv_veneer.o(.emb_text) for __ARM_argv_veneer
    rtexit2.o(.ARM.Collect$$rtexit$$00000003) refers to libshutdown.o(.ARM.Collect$$libshutdown$$00000000) for __rt_lib_shutdown
    rtexit2.o(.ARM.Collect$$rtexit$$00000004) refers to sys_exit.o(.text) for _sys_exit
    rtexit2.o(.ARM.exidx) refers to rtexit2.o(.ARM.Collect$$rtexit$$00000001) for .ARM.Collect$$rtexit$$00000001
    rtexit2.o(.ARM.exidx) refers to rtexit2.o(.ARM.Collect$$rtexit$$00000003) for .ARM.Collect$$rtexit$$00000003
    rtexit2.o(.ARM.exidx) refers to rtexit2.o(.ARM.Collect$$rtexit$$00000004) for .ARM.Collect$$rtexit$$00000004
    argv_veneer.o(.emb_text) refers to no_argv.o(.text) for __ARM_get_argv
    sys_exit.o(.text) refers (Special) to use_no_semi.o(.text) for __I$use$semihosting
    sys_exit.o(.text) refers (Special) to indicate_semi.o(.text) for __semihosting_library_function
    _get_argv_nomalloc.o(.text) refers (Special) to hrguard.o(.text) for __heap_region$guard
    _get_argv_nomalloc.o(.text) refers to defsig_rtmem_outer.o(.text) for __rt_SIGRTMEM
    _get_argv_nomalloc.o(.text) refers to sys_command.o(.text) for _sys_command_string
    libshutdown.o(.ARM.Collect$$libshutdown$$00000000) refers (Special) to libshutdown2.o(.ARM.Collect$$libshutdown$$00000002) for __rt_lib_shutdown_cpp_1
    libshutdown.o(.ARM.Collect$$libshutdown$$00000000) refers (Special) to libshutdown2.o(.ARM.Collect$$libshutdown$$00000007) for __rt_lib_shutdown_fp_trap_1
    libshutdown.o(.ARM.Collect$$libshutdown$$00000000) refers (Special) to libshutdown2.o(.ARM.Collect$$libshutdown$$0000000F) for __rt_lib_shutdown_heap_1
    libshutdown.o(.ARM.Collect$$libshutdown$$00000000) refers (Special) to libshutdown2.o(.ARM.Collect$$libshutdown$$00000010) for __rt_lib_shutdown_return
    libshutdown.o(.ARM.Collect$$libshutdown$$00000000) refers (Special) to libshutdown2.o(.ARM.Collect$$libshutdown$$0000000A) for __rt_lib_shutdown_signal_1
    libshutdown.o(.ARM.Collect$$libshutdown$$00000000) refers (Special) to libshutdown2.o(.ARM.Collect$$libshutdown$$00000004) for __rt_lib_shutdown_stdio_1
    libshutdown.o(.ARM.Collect$$libshutdown$$00000000) refers (Special) to libshutdown2.o(.ARM.Collect$$libshutdown$$0000000C) for __rt_lib_shutdown_user_alloc_1
    sys_command.o(.text) refers (Special) to use_no_semi.o(.text) for __I$use$semihosting
    sys_command.o(.text) refers (Special) to indicate_semi.o(.text) for __semihosting_library_function
    defsig_rtmem_outer.o(.text) refers to defsig_rtmem_inner.o(.text) for __rt_SIGRTMEM_inner
    defsig_rtmem_outer.o(.text) refers to defsig_exit.o(.text) for __sig_exit
    defsig_rtmem_formal.o(.text) refers to rt_raise.o(.text) for __rt_raise
    rt_raise.o(.text) refers to __raise.o(.text) for __raise
    rt_raise.o(.text) refers to sys_exit.o(.text) for _sys_exit
    defsig_exit.o(.text) refers to sys_exit.o(.text) for _sys_exit
    defsig_rtmem_inner.o(.text) refers to defsig_general.o(.text) for __default_signal_display
    __raise.o(.text) refers to defsig.o(CL$$defsig) for __default_signal_handler
    defsig_general.o(.text) refers to sys_wrch.o(.text) for _ttywrch
    sys_wrch.o(.text) refers (Special) to use_no_semi.o(.text) for __I$use$semihosting
    sys_wrch.o(.text) refers (Special) to indicate_semi.o(.text) for __semihosting_library_function
    defsig.o(CL$$defsig) refers to defsig_rtmem_inner.o(.text) for __rt_SIGRTMEM_inner
    defsig_abrt_inner.o(.text) refers to defsig_general.o(.text) for __default_signal_display
    defsig_fpe_inner.o(.text) refers to defsig_general.o(.text) for __default_signal_display
    defsig_rtred_inner.o(.text) refers to defsig_general.o(.text) for __default_signal_display
    defsig_stak_inner.o(.text) refers to defsig_general.o(.text) for __default_signal_display
    defsig_pvfn_inner.o(.text) refers to defsig_general.o(.text) for __default_signal_display
    defsig_cppl_inner.o(.text) refers to defsig_general.o(.text) for __default_signal_display
    defsig_segv_inner.o(.text) refers to defsig_general.o(.text) for __default_signal_display
    defsig_other.o(.text) refers to defsig_general.o(.text) for __default_signal_display


==============================================================================

Removing Unused input sections from the image.

    Removing adc.o(.data), (8 bytes).
    Removing lab8.o(i.DAC_Out), (12 bytes).
    Removing st7735.o(i.Output_Clear), (10 bytes).
    Removing st7735.o(i.Output_Color), (12 bytes).
    Removing st7735.o(i.Output_Off), (8 bytes).
    Removing st7735.o(i.Output_On), (8 bytes).
    Removing st7735.o(i.ST7735_Color565), (24 bytes).
    Removing st7735.o(i.ST7735_DrawChar), (272 bytes).
    Removing st7735.o(i.ST7735_DrawFastHLine), (124 bytes).
    Removing st7735.o(i.ST7735_DrawFastVLine), (124 bytes).
    Removing st7735.o(i.ST7735_InitB), (40 bytes).
    Removing st7735.o(i.ST7735_InvertDisplay), (22 bytes).
    Removing st7735.o(i.ST7735_OutUDec), (140 bytes).
    Removing st7735.o(i.ST7735_PlotBar), (88 bytes).
    Removing st7735.o(i.ST7735_PlotClear), (92 bytes).
    Removing st7735.o(i.ST7735_PlotLine), (264 bytes).
    Removing st7735.o(i.ST7735_PlotNext), (32 bytes).
    Removing st7735.o(i.ST7735_PlotNextErase), (64 bytes).
    Removing st7735.o(i.ST7735_PlotPoint), (152 bytes).
    Removing st7735.o(i.ST7735_PlotPoints), (172 bytes).
    Removing st7735.o(i.ST7735_PlotdBfs), (60 bytes).
    Removing st7735.o(i.ST7735_SetRotation), (212 bytes).
    Removing st7735.o(i.ST7735_SetTextColor), (12 bytes).
    Removing st7735.o(i.ST7735_SwapColor), (18 bytes).
    Removing st7735.o(i.ferror), (8 bytes).
    Removing st7735.o(i.fgetc), (6 bytes).
    Removing st7735.o(i.fillmessage), (72 bytes).
    Removing st7735.o(i.fputc), (16 bytes).
    Removing st7735.o(.bss), (12 bytes).

29 unused section(s) (total 2084 bytes) removed from the image.

==============================================================================

Image Symbol Table

    Local Symbols

    Symbol Name                              Value     Ov Type        Size  Object(Section)

    RESET                                    0x00000000   Section      644  startup.o(RESET)
    ../clib/angel/boardlib.s                 0x00000000   Number         0  boardshut.o ABSOLUTE
    ../clib/angel/boardlib.s                 0x00000000   Number         0  boardinit3.o ABSOLUTE
    ../clib/angel/boardlib.s                 0x00000000   Number         0  boardinit2.o ABSOLUTE
    ../clib/angel/boardlib.s                 0x00000000   Number         0  boardinit1.o ABSOLUTE
    ../clib/angel/dczerorl2.s                0x00000000   Number         0  __dczerorl2.o ABSOLUTE
    ../clib/angel/handlers.s                 0x00000000   Number         0  __scatter_zi.o ABSOLUTE
    ../clib/angel/kernel.s                   0x00000000   Number         0  __rtentry2.o ABSOLUTE
    ../clib/angel/kernel.s                   0x00000000   Number         0  rtexit2.o ABSOLUTE
    ../clib/angel/kernel.s                   0x00000000   Number         0  rtexit.o ABSOLUTE
    ../clib/angel/kernel.s                   0x00000000   Number         0  __rtentry4.o ABSOLUTE
    ../clib/angel/kernel.s                   0x00000000   Number         0  __rtentry.o ABSOLUTE
    ../clib/angel/rt.s                       0x00000000   Number         0  rt_raise.o ABSOLUTE
    ../clib/angel/scatter.s                  0x00000000   Number         0  __scatter.o ABSOLUTE
    ../clib/angel/startup.s                  0x00000000   Number         0  __main.o ABSOLUTE
    ../clib/angel/sys.s                      0x00000000   Number         0  use_no_semi.o ABSOLUTE
    ../clib/angel/sys.s                      0x00000000   Number         0  indicate_semi.o ABSOLUTE
    ../clib/angel/sys.s                      0x00000000   Number         0  sys_stackheap_outer.o ABSOLUTE
    ../clib/angel/sys.s                      0x00000000   Number         0  libspace.o ABSOLUTE
    ../clib/angel/sysapp.c                   0x00000000   Number         0  sys_exit.o ABSOLUTE
    ../clib/angel/sysapp.c                   0x00000000   Number         0  sys_wrch.o ABSOLUTE
    ../clib/angel/sysapp.c                   0x00000000   Number         0  sys_command.o ABSOLUTE
    ../clib/armsys.c                         0x00000000   Number         0  no_argv.o ABSOLUTE
    ../clib/armsys.c                         0x00000000   Number         0  _get_argv_nomalloc.o ABSOLUTE
    ../clib/armsys.c                         0x00000000   Number         0  argv_veneer.o ABSOLUTE
    ../clib/armsys.c                         0x00000000   Number         0  argv_veneer.o ABSOLUTE
    ../clib/heapalloc.c                      0x00000000   Number         0  hrguard.o ABSOLUTE
    ../clib/heapaux.c                        0x00000000   Number         0  heapauxi.o ABSOLUTE
    ../clib/libinit.s                        0x00000000   Number         0  libshutdown.o ABSOLUTE
    ../clib/libinit.s                        0x00000000   Number         0  libshutdown2.o ABSOLUTE
    ../clib/libinit.s                        0x00000000   Number         0  libinit2.o ABSOLUTE
    ../clib/libinit.s                        0x00000000   Number         0  libinit.o ABSOLUTE
    ../clib/signal.c                         0x00000000   Number         0  defsig_rtred_inner.o ABSOLUTE
    ../clib/signal.c                         0x00000000   Number         0  defsig_other.o ABSOLUTE
    ../clib/signal.c                         0x00000000   Number         0  defsig_segv_inner.o ABSOLUTE
    ../clib/signal.c                         0x00000000   Number         0  defsig_cppl_inner.o ABSOLUTE
    ../clib/signal.c                         0x00000000   Number         0  defsig_pvfn_inner.o ABSOLUTE
    ../clib/signal.c                         0x00000000   Number         0  defsig_stak_inner.o ABSOLUTE
    ../clib/signal.c                         0x00000000   Number         0  defsig_fpe_inner.o ABSOLUTE
    ../clib/signal.c                         0x00000000   Number         0  defsig_abrt_inner.o ABSOLUTE
    ../clib/signal.c                         0x00000000   Number         0  defsig_general.o ABSOLUTE
    ../clib/signal.c                         0x00000000   Number         0  __raise.o ABSOLUTE
    ../clib/signal.c                         0x00000000   Number         0  defsig_rtmem_inner.o ABSOLUTE
    ../clib/signal.c                         0x00000000   Number         0  defsig_rtmem_formal.o ABSOLUTE
    ../clib/signal.c                         0x00000000   Number         0  defsig_rtmem_outer.o ABSOLUTE
    ../clib/signal.c                         0x00000000   Number         0  defsig_exit.o ABSOLUTE
    ../clib/signal.s                         0x00000000   Number         0  defsig.o ABSOLUTE
    ../clib/stdlib.c                         0x00000000   Number         0  exit.o ABSOLUTE
    ../fplib/fpinit.s                        0x00000000   Number         0  fpinit.o ABSOLUTE
    ADC.c                                    0x00000000   Number         0  adc.o ABSOLUTE
    BossAttacks.c                            0x00000000   Number         0  bossattacks.o ABSOLUTE
    IO.c                                     0x00000000   Number         0  io.o ABSOLUTE
    LCD.s                                    0x00000000   Number         0  lcd.o ABSOLUTE
    Lab8.c                                   0x00000000   Number         0  lab8.o ABSOLUTE
    PLL.c                                    0x00000000   Number         0  pll.o ABSOLUTE
    Print.s                                  0x00000000   Number         0  print.o ABSOLUTE
    ST7735.c                                 0x00000000   Number         0  st7735.o ABSOLUTE
    dc.s                                     0x00000000   Number         0  dc.o ABSOLUTE
    random.s                                 0x00000000   Number         0  random.o ABSOLUTE
    startup.s                                0x00000000   Number         0  startup.o ABSOLUTE
    !!!main                                  0x00000284   Section        8  __main.o(!!!main)
    !!!scatter                               0x0000028c   Section       52  __scatter.o(!!!scatter)
    !!dczerorl2                              0x000002c0   Section       90  __dczerorl2.o(!!dczerorl2)
    !!handler_zi                             0x0000031c   Section       28  __scatter_zi.o(!!handler_zi)
    .ARM.Collect$$libinit$$00000000          0x00000338   Section        2  libinit.o(.ARM.Collect$$libinit$$00000000)
    .ARM.Collect$$libinit$$00000002          0x0000033a   Section        0  libinit2.o(.ARM.Collect$$libinit$$00000002)
    .ARM.Collect$$libinit$$00000004          0x0000033a   Section        0  libinit2.o(.ARM.Collect$$libinit$$00000004)
    .ARM.Collect$$libinit$$0000000A          0x0000033a   Section        0  libinit2.o(.ARM.Collect$$libinit$$0000000A)
    .ARM.Collect$$libinit$$0000000C          0x0000033a   Section        0  libinit2.o(.ARM.Collect$$libinit$$0000000C)
    .ARM.Collect$$libinit$$0000000E          0x0000033a   Section        0  libinit2.o(.ARM.Collect$$libinit$$0000000E)
    .ARM.Collect$$libinit$$00000011          0x0000033a   Section        0  libinit2.o(.ARM.Collect$$libinit$$00000011)
    .ARM.Collect$$libinit$$00000013          0x0000033a   Section        0  libinit2.o(.ARM.Collect$$libinit$$00000013)
    .ARM.Collect$$libinit$$00000015          0x0000033a   Section        0  libinit2.o(.ARM.Collect$$libinit$$00000015)
    .ARM.Collect$$libinit$$00000017          0x0000033a   Section        0  libinit2.o(.ARM.Collect$$libinit$$00000017)
    .ARM.Collect$$libinit$$00000019          0x0000033a   Section        0  libinit2.o(.ARM.Collect$$libinit$$00000019)
    .ARM.Collect$$libinit$$0000001B          0x0000033a   Section        0  libinit2.o(.ARM.Collect$$libinit$$0000001B)
    .ARM.Collect$$libinit$$0000001D          0x0000033a   Section        0  libinit2.o(.ARM.Collect$$libinit$$0000001D)
    .ARM.Collect$$libinit$$0000001F          0x0000033a   Section        0  libinit2.o(.ARM.Collect$$libinit$$0000001F)
    .ARM.Collect$$libinit$$00000021          0x0000033a   Section        0  libinit2.o(.ARM.Collect$$libinit$$00000021)
    .ARM.Collect$$libinit$$00000023          0x0000033a   Section        0  libinit2.o(.ARM.Collect$$libinit$$00000023)
    .ARM.Collect$$libinit$$00000025          0x0000033a   Section        0  libinit2.o(.ARM.Collect$$libinit$$00000025)
    .ARM.Collect$$libinit$$0000002C          0x0000033a   Section        0  libinit2.o(.ARM.Collect$$libinit$$0000002C)
    .ARM.Collect$$libinit$$0000002E          0x0000033a   Section        0  libinit2.o(.ARM.Collect$$libinit$$0000002E)
    .ARM.Collect$$libinit$$00000030          0x0000033a   Section        0  libinit2.o(.ARM.Collect$$libinit$$00000030)
    .ARM.Collect$$libinit$$00000032          0x0000033a   Section        0  libinit2.o(.ARM.Collect$$libinit$$00000032)
    .ARM.Collect$$libinit$$00000033          0x0000033a   Section        2  libinit2.o(.ARM.Collect$$libinit$$00000033)
    .ARM.Collect$$libshutdown$$00000000      0x0000033c   Section        2  libshutdown.o(.ARM.Collect$$libshutdown$$00000000)
    .ARM.Collect$$libshutdown$$00000002      0x0000033e   Section        0  libshutdown2.o(.ARM.Collect$$libshutdown$$00000002)
    .ARM.Collect$$libshutdown$$00000004      0x0000033e   Section        0  libshutdown2.o(.ARM.Collect$$libshutdown$$00000004)
    .ARM.Collect$$libshutdown$$00000007      0x0000033e   Section        0  libshutdown2.o(.ARM.Collect$$libshutdown$$00000007)
    .ARM.Collect$$libshutdown$$0000000A      0x0000033e   Section        0  libshutdown2.o(.ARM.Collect$$libshutdown$$0000000A)
    .ARM.Collect$$libshutdown$$0000000C      0x0000033e   Section        0  libshutdown2.o(.ARM.Collect$$libshutdown$$0000000C)
    .ARM.Collect$$libshutdown$$0000000F      0x0000033e   Section        0  libshutdown2.o(.ARM.Collect$$libshutdown$$0000000F)
    .ARM.Collect$$libshutdown$$00000010      0x0000033e   Section        2  libshutdown2.o(.ARM.Collect$$libshutdown$$00000010)
    .ARM.Collect$$rtentry$$00000000          0x00000340   Section        0  __rtentry.o(.ARM.Collect$$rtentry$$00000000)
    .ARM.Collect$$rtentry$$00000002          0x00000340   Section        0  __rtentry2.o(.ARM.Collect$$rtentry$$00000002)
    .ARM.Collect$$rtentry$$00000004          0x00000340   Section        6  __rtentry4.o(.ARM.Collect$$rtentry$$00000004)
    .ARM.Collect$$rtentry$$00000009          0x00000346   Section        0  __rtentry2.o(.ARM.Collect$$rtentry$$00000009)
    .ARM.Collect$$rtentry$$0000000A          0x00000346   Section        4  __rtentry2.o(.ARM.Collect$$rtentry$$0000000A)
    .ARM.Collect$$rtentry$$0000000C          0x0000034a   Section        0  __rtentry2.o(.ARM.Collect$$rtentry$$0000000C)
    .ARM.Collect$$rtentry$$0000000D          0x0000034a   Section        8  __rtentry2.o(.ARM.Collect$$rtentry$$0000000D)
    .ARM.Collect$$rtexit$$00000000           0x00000352   Section        2  rtexit.o(.ARM.Collect$$rtexit$$00000000)
    .ARM.Collect$$rtexit$$00000002           0x00000354   Section        0  rtexit2.o(.ARM.Collect$$rtexit$$00000002)
    .ARM.Collect$$rtexit$$00000003           0x00000354   Section        4  rtexit2.o(.ARM.Collect$$rtexit$$00000003)
    .ARM.Collect$$rtexit$$00000004           0x00000358   Section        6  rtexit2.o(.ARM.Collect$$rtexit$$00000004)
    .text                                    0x00000360   Section       48  startup.o(.text)
    .text                                    0x00000390   Section       88  lcd.o(.text)
    .text                                    0x000003e8   Section      284  print.o(.text)
    .text                                    0x00000504   Section       64  random.o(.text)
    .text                                    0x00000544   Section        0  heapauxi.o(.text)
    .text                                    0x0000054a   Section       74  sys_stackheap_outer.o(.text)
    .text                                    0x00000594   Section        0  exit.o(.text)
    .text                                    0x000005a8   Section        8  libspace.o(.text)
    .text                                    0x000005b0   Section        0  sys_exit.o(.text)
    .text                                    0x000005bc   Section        2  use_no_semi.o(.text)
    .text                                    0x000005be   Section        0  indicate_semi.o(.text)
    i.ADC_Init                               0x000005c0   Section        0  adc.o(i.ADC_Init)
    i.BinaryRandom                           0x0000071c   Section        0  lab8.o(i.BinaryRandom)
    i.CheckCollision                         0x0000072c   Section        0  lab8.o(i.CheckCollision)
    i.CheckEnd                               0x00000780   Section        0  lab8.o(i.CheckEnd)
    i.ClearAttacks                           0x00000850   Section        0  lab8.o(i.ClearAttacks)
    i.Convert                                0x00000924   Section        0  lab8.o(i.Convert)
    i.DAC_Init                               0x00000944   Section        0  lab8.o(i.DAC_Init)
    i.Delay1ms                               0x00000984   Section        0  st7735.o(i.Delay1ms)
    i.DrawBoss                               0x000009a4   Section        0  lab8.o(i.DrawBoss)
    i.DrawPlayer                             0x00000a3c   Section        0  lab8.o(i.DrawPlayer)
    i.DrawPlayerAttack                       0x00000af8   Section        0  lab8.o(i.DrawPlayerAttack)
    i.IO_HeartBeat                           0x00000d94   Section        0  io.o(i.IO_HeartBeat)
    i.Output_Init                            0x00000dac   Section        0  st7735.o(i.Output_Init)
    i.PLL_Init                               0x00000dbc   Section        0  pll.o(i.PLL_Init)
    i.PortF_Init                             0x00000e38   Section        0  io.o(i.PortF_Init)
    i.ST7735_DrawBitmap                      0x00000ea8   Section        0  st7735.o(i.ST7735_DrawBitmap)
    i.ST7735_DrawCharS                       0x00000fc8   Section        0  st7735.o(i.ST7735_DrawCharS)
    i.ST7735_DrawPixel                       0x000010c0   Section        0  st7735.o(i.ST7735_DrawPixel)
    i.ST7735_DrawString                      0x00001108   Section        0  st7735.o(i.ST7735_DrawString)
    i.ST7735_FillRect                        0x0000115c   Section        0  st7735.o(i.ST7735_FillRect)
    i.ST7735_FillScreen                      0x00001208   Section        0  st7735.o(i.ST7735_FillScreen)
    i.ST7735_InitR                           0x0000122c   Section        0  st7735.o(i.ST7735_InitR)
    i.ST7735_OutChar                         0x000012a8   Section        0  st7735.o(i.ST7735_OutChar)
    i.ST7735_OutString                       0x0000137c   Section        0  st7735.o(i.ST7735_OutString)
    i.ST7735_SetCursor                       0x00001394   Section        0  st7735.o(i.ST7735_SetCursor)
    i.StraightAttack                         0x000013b4   Section        0  lab8.o(i.StraightAttack)
    i.SysTick_Handler                        0x00001644   Section        0  lab8.o(i.SysTick_Handler)
    i.SysTick_Init                           0x00001684   Section        0  adc.o(i.SysTick_Init)
    i.Timer0A_Handler                        0x000016b8   Section        0  lab8.o(i.Timer0A_Handler)
    i.Timer0A_Init                           0x000016f0   Section        0  adc.o(i.Timer0A_Init)
    i.Timer1A_Handler                        0x00001758   Section        0  lab8.o(i.Timer1A_Handler)
    i.Timer1A_Init                           0x00001784   Section        0  adc.o(i.Timer1A_Init)
    i.TracerAttack                           0x000017ec   Section        0  lab8.o(i.TracerAttack)
    i.TracerAttackInit                       0x00001918   Section        0  lab8.o(i.TracerAttackInit)
    i.WaveAttack                             0x00001958   Section        0  lab8.o(i.WaveAttack)
    i.WaveAttackInit                         0x00001bcc   Section        0  lab8.o(i.WaveAttackInit)
    i.button                                 0x00001cc8   Section        0  io.o(i.button)
    i.button2                                0x00001ce0   Section        0  io.o(i.button2)
    i.commandList                            0x00001cf8   Section        0  st7735.o(i.commandList)
    commandList                              0x00001cf9   Thumb Code    86  st7735.o(i.commandList)
    i.commonInit                             0x00001d50   Section        0  st7735.o(i.commonInit)
    commonInit                               0x00001d51   Thumb Code   342  st7735.o(i.commonInit)
    i.main                                   0x00001ed8   Section        0  lab8.o(i.main)
    i.pushColor                              0x00002000   Section        0  st7735.o(i.pushColor)
    pushColor                                0x00002001   Thumb Code    18  st7735.o(i.pushColor)
    i.setAddrWindow                          0x00002014   Section        0  st7735.o(i.setAddrWindow)
    setAddrWindow                            0x00002015   Thumb Code   106  st7735.o(i.setAddrWindow)
    i.xADC_In                                0x00002088   Section        0  adc.o(i.xADC_In)
    i.xRandom                                0x000020b4   Section        0  lab8.o(i.xRandom)
    i.yADC_In                                0x000020c8   Section        0  adc.o(i.yADC_In)
    i.yRandom                                0x000020f4   Section        0  lab8.o(i.yRandom)
    .constdata                               0x0000210c   Section     7096  lab8.o(.constdata)
    .constdata                               0x00003cc4   Section     2018  st7735.o(.constdata)
    Font                                     0x00003cc4   Data        1275  st7735.o(.constdata)
    Bcmd                                     0x000041bf   Data         103  st7735.o(.constdata)
    Rcmd1                                    0x00004226   Data          59  st7735.o(.constdata)
    Rcmd2green                               0x00004261   Data          13  st7735.o(.constdata)
    Rcmd2red                                 0x0000426e   Data          13  st7735.o(.constdata)
    Rcmd3                                    0x0000427b   Data          43  st7735.o(.constdata)
    .data                                    0x20000000   Section     1652  lab8.o(.data)
    .data                                    0x20000674   Section       44  st7735.o(.data)
    ColStart                                 0x2000067e   Data           1  st7735.o(.data)
    RowStart                                 0x2000067f   Data           1  st7735.o(.data)
    Rotation                                 0x20000680   Data           1  st7735.o(.data)
    TabColor                                 0x20000681   Data           1  st7735.o(.data)
    _width                                   0x20000682   Data           2  st7735.o(.data)
    _height                                  0x20000684   Data           2  st7735.o(.data)
    DATA                                     0x200006a0   Section        4  random.o(DATA)
    M                                        0x200006a0   Data           4  random.o(DATA)
    .bss                                     0x200006a4   Section       96  libspace.o(.bss)
    HEAP                                     0x20000708   Section        0  startup.o(HEAP)
    STACK                                    0x20000708   Section     1024  startup.o(STACK)
    HeapMem                                  0x20000708   Data           0  startup.o(HEAP)
    StackMem                                 0x20000708   Data           0  startup.o(STACK)

    Global Symbols

    Symbol Name                              Value     Ov Type        Size  Object(Section)

    BuildAttributes$$THM_ISAv4$E$P$D$K$B$S$7EM$PE$A:L22UL41UL21$X:L11$S22US41US21$IEEE1$IW$USESV6$~STKCKD$USESV7$~SHL$OSPACE$ROPI$EBA8$UX$STANDARDLIB$REQ8$PRES8$EABIv2 0x00000000   Number         0  anon$$obj.o ABSOLUTE
    __ARM_use_no_argv                        0x00000000   Number         0  lab8.o ABSOLUTE
    __Vectors                                0x00000000   Data           0  startup.o(RESET)
    __ARM_exceptions_init                     - Undefined Weak Reference
    __alloca_initialize                       - Undefined Weak Reference
    __arm_preinit_                            - Undefined Weak Reference
    __cpp_initialize__aeabi_                  - Undefined Weak Reference
    __cxa_finalize                            - Undefined Weak Reference
    __rt_locale                               - Undefined Weak Reference
    __sigvec_lookup                           - Undefined Weak Reference
    _atexit_init                              - Undefined Weak Reference
    _call_atexit_fns                          - Undefined Weak Reference
    _clock_init                               - Undefined Weak Reference
    _fp_trap_init                             - Undefined Weak Reference
    _fp_trap_shutdown                         - Undefined Weak Reference
    _get_lc_collate                           - Undefined Weak Reference
    _get_lc_ctype                             - Undefined Weak Reference
    _get_lc_monetary                          - Undefined Weak Reference
    _get_lc_numeric                           - Undefined Weak Reference
    _get_lc_time                              - Undefined Weak Reference
    _getenv_init                              - Undefined Weak Reference
    _handle_redirection                       - Undefined Weak Reference
    _init_alloc                               - Undefined Weak Reference
    _init_user_alloc                          - Undefined Weak Reference
    _initio                                   - Undefined Weak Reference
    _rand_init                                - Undefined Weak Reference
    _signal_finish                            - Undefined Weak Reference
    _signal_init                              - Undefined Weak Reference
    _terminate_alloc                          - Undefined Weak Reference
    _terminate_user_alloc                     - Undefined Weak Reference
    _terminateio                              - Undefined Weak Reference
    Reset_Handler                            0x0000026d   Thumb Code     0  startup.o(RESET)
    NMI_Handler                              0x00000271   Thumb Code     2  startup.o(RESET)
    HardFault_Handler                        0x00000273   Thumb Code     2  startup.o(RESET)
    MemManage_Handler                        0x00000275   Thumb Code     2  startup.o(RESET)
    BusFault_Handler                         0x00000277   Thumb Code     2  startup.o(RESET)
    UsageFault_Handler                       0x00000279   Thumb Code     2  startup.o(RESET)
    SVC_Handler                              0x0000027b   Thumb Code     2  startup.o(RESET)
    DebugMon_Handler                         0x0000027d   Thumb Code     2  startup.o(RESET)
    PendSV_Handler                           0x0000027f   Thumb Code     2  startup.o(RESET)
    ADC0Seq0_Handler                         0x00000283   Thumb Code     0  startup.o(RESET)
    ADC0Seq1_Handler                         0x00000283   Thumb Code     0  startup.o(RESET)
    ADC0Seq2_Handler                         0x00000283   Thumb Code     0  startup.o(RESET)
    ADC0Seq3_Handler                         0x00000283   Thumb Code     0  startup.o(RESET)
    ADC1Seq0_Handler                         0x00000283   Thumb Code     0  startup.o(RESET)
    ADC1Seq1_Handler                         0x00000283   Thumb Code     0  startup.o(RESET)
    ADC1Seq2_Handler                         0x00000283   Thumb Code     0  startup.o(RESET)
    ADC1Seq3_Handler                         0x00000283   Thumb Code     0  startup.o(RESET)
    CAN0_Handler                             0x00000283   Thumb Code     0  startup.o(RESET)
    CAN1_Handler                             0x00000283   Thumb Code     0  startup.o(RESET)
    CAN2_Handler                             0x00000283   Thumb Code     0  startup.o(RESET)
    Comp0_Handler                            0x00000283   Thumb Code     0  startup.o(RESET)
    Comp1_Handler                            0x00000283   Thumb Code     0  startup.o(RESET)
    Comp2_Handler                            0x00000283   Thumb Code     0  startup.o(RESET)
    Ethernet_Handler                         0x00000283   Thumb Code     0  startup.o(RESET)
    ExtBus_Handler                           0x00000283   Thumb Code     0  startup.o(RESET)
    FPU_Handler                              0x00000283   Thumb Code     0  startup.o(RESET)
    Fan0_Handler                             0x00000283   Thumb Code     0  startup.o(RESET)
    FlashCtl_Handler                         0x00000283   Thumb Code     0  startup.o(RESET)
    GPIOPortA_Handler                        0x00000283   Thumb Code     0  startup.o(RESET)
    GPIOPortB_Handler                        0x00000283   Thumb Code     0  startup.o(RESET)
    GPIOPortC_Handler                        0x00000283   Thumb Code     0  startup.o(RESET)
    GPIOPortD_Handler                        0x00000283   Thumb Code     0  startup.o(RESET)
    GPIOPortE_Handler                        0x00000283   Thumb Code     0  startup.o(RESET)
    GPIOPortF_Handler                        0x00000283   Thumb Code     0  startup.o(RESET)
    GPIOPortG_Handler                        0x00000283   Thumb Code     0  startup.o(RESET)
    GPIOPortH_Handler                        0x00000283   Thumb Code     0  startup.o(RESET)
    GPIOPortJ_Handler                        0x00000283   Thumb Code     0  startup.o(RESET)
    GPIOPortK_Handler                        0x00000283   Thumb Code     0  startup.o(RESET)
    GPIOPortL_Handler                        0x00000283   Thumb Code     0  startup.o(RESET)
    GPIOPortM_Handler                        0x00000283   Thumb Code     0  startup.o(RESET)
    GPIOPortN_Handler                        0x00000283   Thumb Code     0  startup.o(RESET)
    GPIOPortP1_Handler                       0x00000283   Thumb Code     0  startup.o(RESET)
    GPIOPortP2_Handler                       0x00000283   Thumb Code     0  startup.o(RESET)
    GPIOPortP3_Handler                       0x00000283   Thumb Code     0  startup.o(RESET)
    GPIOPortP4_Handler                       0x00000283   Thumb Code     0  startup.o(RESET)
    GPIOPortP5_Handler                       0x00000283   Thumb Code     0  startup.o(RESET)
    GPIOPortP6_Handler                       0x00000283   Thumb Code     0  startup.o(RESET)
    GPIOPortP7_Handler                       0x00000283   Thumb Code     0  startup.o(RESET)
    GPIOPortP_Handler                        0x00000283   Thumb Code     0  startup.o(RESET)
    GPIOPortQ1_Handler                       0x00000283   Thumb Code     0  startup.o(RESET)
    GPIOPortQ2_Handler                       0x00000283   Thumb Code     0  startup.o(RESET)
    GPIOPortQ3_Handler                       0x00000283   Thumb Code     0  startup.o(RESET)
    GPIOPortQ4_Handler                       0x00000283   Thumb Code     0  startup.o(RESET)
    GPIOPortQ5_Handler                       0x00000283   Thumb Code     0  startup.o(RESET)
    GPIOPortQ6_Handler                       0x00000283   Thumb Code     0  startup.o(RESET)
    GPIOPortQ7_Handler                       0x00000283   Thumb Code     0  startup.o(RESET)
    GPIOPortQ_Handler                        0x00000283   Thumb Code     0  startup.o(RESET)
    GPIOPortR_Handler                        0x00000283   Thumb Code     0  startup.o(RESET)
    GPIOPortS_Handler                        0x00000283   Thumb Code     0  startup.o(RESET)
    Hibernate_Handler                        0x00000283   Thumb Code     0  startup.o(RESET)
    I2C0_Handler                             0x00000283   Thumb Code     0  startup.o(RESET)
    I2C1_Handler                             0x00000283   Thumb Code     0  startup.o(RESET)
    I2C2_Handler                             0x00000283   Thumb Code     0  startup.o(RESET)
    I2C3_Handler                             0x00000283   Thumb Code     0  startup.o(RESET)
    I2C4_Handler                             0x00000283   Thumb Code     0  startup.o(RESET)
    I2C5_Handler                             0x00000283   Thumb Code     0  startup.o(RESET)
    I2S0_Handler                             0x00000283   Thumb Code     0  startup.o(RESET)
    LPC0_Handler                             0x00000283   Thumb Code     0  startup.o(RESET)
    PECI0_Handler                            0x00000283   Thumb Code     0  startup.o(RESET)
    PWM0Fault_Handler                        0x00000283   Thumb Code     0  startup.o(RESET)
    PWM0Generator0_Handler                   0x00000283   Thumb Code     0  startup.o(RESET)
    PWM0Generator1_Handler                   0x00000283   Thumb Code     0  startup.o(RESET)
    PWM0Generator2_Handler                   0x00000283   Thumb Code     0  startup.o(RESET)
    PWM0Generator3_Handler                   0x00000283   Thumb Code     0  startup.o(RESET)
    PWM1Fault_Handler                        0x00000283   Thumb Code     0  startup.o(RESET)
    PWM1Generator0_Handler                   0x00000283   Thumb Code     0  startup.o(RESET)
    PWM1Generator1_Handler                   0x00000283   Thumb Code     0  startup.o(RESET)
    PWM1Generator2_Handler                   0x00000283   Thumb Code     0  startup.o(RESET)
    PWM1Generator3_Handler                   0x00000283   Thumb Code     0  startup.o(RESET)
    Quadrature0_Handler                      0x00000283   Thumb Code     0  startup.o(RESET)
    Quadrature1_Handler                      0x00000283   Thumb Code     0  startup.o(RESET)
    Quadrature2_Handler                      0x00000283   Thumb Code     0  startup.o(RESET)
    SSI0_Handler                             0x00000283   Thumb Code     0  startup.o(RESET)
    SSI1_Handler                             0x00000283   Thumb Code     0  startup.o(RESET)
    SSI2_Handler                             0x00000283   Thumb Code     0  startup.o(RESET)
    SSI3_Handler                             0x00000283   Thumb Code     0  startup.o(RESET)
    SysCtl_Handler                           0x00000283   Thumb Code     0  startup.o(RESET)
    Timer0B_Handler                          0x00000283   Thumb Code     0  startup.o(RESET)
    Timer1B_Handler                          0x00000283   Thumb Code     0  startup.o(RESET)
    Timer2A_Handler                          0x00000283   Thumb Code     0  startup.o(RESET)
    Timer2B_Handler                          0x00000283   Thumb Code     0  startup.o(RESET)
    Timer3A_Handler                          0x00000283   Thumb Code     0  startup.o(RESET)
    Timer3B_Handler                          0x00000283   Thumb Code     0  startup.o(RESET)
    Timer4A_Handler                          0x00000283   Thumb Code     0  startup.o(RESET)
    Timer4B_Handler                          0x00000283   Thumb Code     0  startup.o(RESET)
    Timer5A_Handler                          0x00000283   Thumb Code     0  startup.o(RESET)
    Timer5B_Handler                          0x00000283   Thumb Code     0  startup.o(RESET)
    UART0_Handler                            0x00000283   Thumb Code     0  startup.o(RESET)
    UART1_Handler                            0x00000283   Thumb Code     0  startup.o(RESET)
    UART2_Handler                            0x00000283   Thumb Code     0  startup.o(RESET)
    UART3_Handler                            0x00000283   Thumb Code     0  startup.o(RESET)
    UART4_Handler                            0x00000283   Thumb Code     0  startup.o(RESET)
    UART5_Handler                            0x00000283   Thumb Code     0  startup.o(RESET)
    UART6_Handler                            0x00000283   Thumb Code     0  startup.o(RESET)
    UART7_Handler                            0x00000283   Thumb Code     0  startup.o(RESET)
    USB0_Handler                             0x00000283   Thumb Code     0  startup.o(RESET)
    WDT_Handler                              0x00000283   Thumb Code     0  startup.o(RESET)
    WideTimer0A_Handler                      0x00000283   Thumb Code     0  startup.o(RESET)
    WideTimer0B_Handler                      0x00000283   Thumb Code     0  startup.o(RESET)
    WideTimer1A_Handler                      0x00000283   Thumb Code     0  startup.o(RESET)
    WideTimer1B_Handler                      0x00000283   Thumb Code     0  startup.o(RESET)
    WideTimer2A_Handler                      0x00000283   Thumb Code     0  startup.o(RESET)
    WideTimer2B_Handler                      0x00000283   Thumb Code     0  startup.o(RESET)
    WideTimer3A_Handler                      0x00000283   Thumb Code     0  startup.o(RESET)
    WideTimer3B_Handler                      0x00000283   Thumb Code     0  startup.o(RESET)
    WideTimer4A_Handler                      0x00000283   Thumb Code     0  startup.o(RESET)
    WideTimer4B_Handler                      0x00000283   Thumb Code     0  startup.o(RESET)
    WideTimer5A_Handler                      0x00000283   Thumb Code     0  startup.o(RESET)
    WideTimer5B_Handler                      0x00000283   Thumb Code     0  startup.o(RESET)
    uDMA_Error                               0x00000283   Thumb Code     0  startup.o(RESET)
    uDMA_Handler                             0x00000283   Thumb Code     0  startup.o(RESET)
    __main                                   0x00000285   Thumb Code     8  __main.o(!!!main)
    __scatterload                            0x0000028d   Thumb Code     0  __scatter.o(!!!scatter)
    __scatterload_rt2                        0x0000028d   Thumb Code    44  __scatter.o(!!!scatter)
    __scatterload_rt2_thumb_only             0x0000028d   Thumb Code     0  __scatter.o(!!!scatter)
    __scatterload_null                       0x0000029b   Thumb Code     0  __scatter.o(!!!scatter)
    __decompress                             0x000002c1   Thumb Code    90  __dczerorl2.o(!!dczerorl2)
    __decompress1                            0x000002c1   Thumb Code     0  __dczerorl2.o(!!dczerorl2)
    __scatterload_zeroinit                   0x0000031d   Thumb Code    28  __scatter_zi.o(!!handler_zi)
    __rt_lib_init                            0x00000339   Thumb Code     0  libinit.o(.ARM.Collect$$libinit$$00000000)
    __rt_lib_init_alloca_1                   0x0000033b   Thumb Code     0  libinit2.o(.ARM.Collect$$libinit$$0000002E)
    __rt_lib_init_argv_1                     0x0000033b   Thumb Code     0  libinit2.o(.ARM.Collect$$libinit$$0000002C)
    __rt_lib_init_atexit_1                   0x0000033b   Thumb Code     0  libinit2.o(.ARM.Collect$$libinit$$0000001B)
    __rt_lib_init_clock_1                    0x0000033b   Thumb Code     0  libinit2.o(.ARM.Collect$$libinit$$00000021)
    __rt_lib_init_cpp_1                      0x0000033b   Thumb Code     0  libinit2.o(.ARM.Collect$$libinit$$00000032)
    __rt_lib_init_exceptions_1               0x0000033b   Thumb Code     0  libinit2.o(.ARM.Collect$$libinit$$00000030)
    __rt_lib_init_fp_1                       0x0000033b   Thumb Code     0  libinit2.o(.ARM.Collect$$libinit$$00000002)
    __rt_lib_init_fp_trap_1                  0x0000033b   Thumb Code     0  libinit2.o(.ARM.Collect$$libinit$$0000001F)
    __rt_lib_init_getenv_1                   0x0000033b   Thumb Code     0  libinit2.o(.ARM.Collect$$libinit$$00000023)
    __rt_lib_init_heap_1                     0x0000033b   Thumb Code     0  libinit2.o(.ARM.Collect$$libinit$$0000000A)
    __rt_lib_init_lc_collate_1               0x0000033b   Thumb Code     0  libinit2.o(.ARM.Collect$$libinit$$00000011)
    __rt_lib_init_lc_ctype_1                 0x0000033b   Thumb Code     0  libinit2.o(.ARM.Collect$$libinit$$00000013)
    __rt_lib_init_lc_monetary_1              0x0000033b   Thumb Code     0  libinit2.o(.ARM.Collect$$libinit$$00000015)
    __rt_lib_init_lc_numeric_1               0x0000033b   Thumb Code     0  libinit2.o(.ARM.Collect$$libinit$$00000017)
    __rt_lib_init_lc_time_1                  0x0000033b   Thumb Code     0  libinit2.o(.ARM.Collect$$libinit$$00000019)
    __rt_lib_init_preinit_1                  0x0000033b   Thumb Code     0  libinit2.o(.ARM.Collect$$libinit$$00000004)
    __rt_lib_init_rand_1                     0x0000033b   Thumb Code     0  libinit2.o(.ARM.Collect$$libinit$$0000000E)
    __rt_lib_init_return                     0x0000033b   Thumb Code     0  libinit2.o(.ARM.Collect$$libinit$$00000033)
    __rt_lib_init_signal_1                   0x0000033b   Thumb Code     0  libinit2.o(.ARM.Collect$$libinit$$0000001D)
    __rt_lib_init_stdio_1                    0x0000033b   Thumb Code     0  libinit2.o(.ARM.Collect$$libinit$$00000025)
    __rt_lib_init_user_alloc_1               0x0000033b   Thumb Code     0  libinit2.o(.ARM.Collect$$libinit$$0000000C)
    __rt_lib_shutdown                        0x0000033d   Thumb Code     0  libshutdown.o(.ARM.Collect$$libshutdown$$00000000)
    __rt_lib_shutdown_cpp_1                  0x0000033f   Thumb Code     0  libshutdown2.o(.ARM.Collect$$libshutdown$$00000002)
    __rt_lib_shutdown_fp_trap_1              0x0000033f   Thumb Code     0  libshutdown2.o(.ARM.Collect$$libshutdown$$00000007)
    __rt_lib_shutdown_heap_1                 0x0000033f   Thumb Code     0  libshutdown2.o(.ARM.Collect$$libshutdown$$0000000F)
    __rt_lib_shutdown_return                 0x0000033f   Thumb Code     0  libshutdown2.o(.ARM.Collect$$libshutdown$$00000010)
    __rt_lib_shutdown_signal_1               0x0000033f   Thumb Code     0  libshutdown2.o(.ARM.Collect$$libshutdown$$0000000A)
    __rt_lib_shutdown_stdio_1                0x0000033f   Thumb Code     0  libshutdown2.o(.ARM.Collect$$libshutdown$$00000004)
    __rt_lib_shutdown_user_alloc_1           0x0000033f   Thumb Code     0  libshutdown2.o(.ARM.Collect$$libshutdown$$0000000C)
    __rt_entry                               0x00000341   Thumb Code     0  __rtentry.o(.ARM.Collect$$rtentry$$00000000)
    __rt_entry_presh_1                       0x00000341   Thumb Code     0  __rtentry2.o(.ARM.Collect$$rtentry$$00000002)
    __rt_entry_sh                            0x00000341   Thumb Code     0  __rtentry4.o(.ARM.Collect$$rtentry$$00000004)
    __rt_entry_li                            0x00000347   Thumb Code     0  __rtentry2.o(.ARM.Collect$$rtentry$$0000000A)
    __rt_entry_postsh_1                      0x00000347   Thumb Code     0  __rtentry2.o(.ARM.Collect$$rtentry$$00000009)
    __rt_entry_main                          0x0000034b   Thumb Code     0  __rtentry2.o(.ARM.Collect$$rtentry$$0000000D)
    __rt_entry_postli_1                      0x0000034b   Thumb Code     0  __rtentry2.o(.ARM.Collect$$rtentry$$0000000C)
    __rt_exit                                0x00000353   Thumb Code     0  rtexit.o(.ARM.Collect$$rtexit$$00000000)
    __rt_exit_ls                             0x00000355   Thumb Code     0  rtexit2.o(.ARM.Collect$$rtexit$$00000003)
    __rt_exit_prels_1                        0x00000355   Thumb Code     0  rtexit2.o(.ARM.Collect$$rtexit$$00000002)
    __rt_exit_exit                           0x00000359   Thumb Code     0  rtexit2.o(.ARM.Collect$$rtexit$$00000004)
    DisableInterrupts                        0x00000361   Thumb Code     0  startup.o(.text)
    EnableInterrupts                         0x00000365   Thumb Code     0  startup.o(.text)
    StartCritical                            0x00000369   Thumb Code     0  startup.o(.text)
    EndCritical                              0x00000371   Thumb Code     0  startup.o(.text)
    WaitForInterrupt                         0x00000377   Thumb Code     0  startup.o(.text)
    __user_initial_stackheap                 0x0000037b   Thumb Code     0  startup.o(.text)
    writecommand                             0x00000391   Thumb Code     0  lcd.o(.text)
    writedata                                0x000003bf   Thumb Code     0  lcd.o(.text)
    LCD_OutDec                               0x000003e9   Thumb Code     0  print.o(.text)
    LCD_OutFix                               0x00000443   Thumb Code     0  print.o(.text)
    Random_Init                              0x00000505   Thumb Code     0  random.o(.text)
    Random32                                 0x0000050f   Thumb Code     2  random.o(.text)
    Random                                   0x00000521   Thumb Code     2  random.o(.text)
    __use_two_region_memory                  0x00000545   Thumb Code     2  heapauxi.o(.text)
    __rt_heap_escrow$2region                 0x00000547   Thumb Code     2  heapauxi.o(.text)
    __rt_heap_expand$2region                 0x00000549   Thumb Code     2  heapauxi.o(.text)
    __user_setup_stackheap                   0x0000054b   Thumb Code    74  sys_stackheap_outer.o(.text)
    exit                                     0x00000595   Thumb Code    18  exit.o(.text)
    __user_libspace                          0x000005a9   Thumb Code     8  libspace.o(.text)
    __user_perproc_libspace                  0x000005a9   Thumb Code     0  libspace.o(.text)
    __user_perthread_libspace                0x000005a9   Thumb Code     0  libspace.o(.text)
    _sys_exit                                0x000005b1   Thumb Code     8  sys_exit.o(.text)
    __I$use$semihosting                      0x000005bd   Thumb Code     0  use_no_semi.o(.text)
    __use_no_semihosting_swi                 0x000005bd   Thumb Code     2  use_no_semi.o(.text)
    __semihosting_library_function           0x000005bf   Thumb Code     0  indicate_semi.o(.text)
    ADC_Init                                 0x000005c1   Thumb Code   322  adc.o(i.ADC_Init)
    BinaryRandom                             0x0000071d   Thumb Code    16  lab8.o(i.BinaryRandom)
    CheckCollision                           0x0000072d   Thumb Code    84  lab8.o(i.CheckCollision)
    CheckEnd                                 0x00000781   Thumb Code   152  lab8.o(i.CheckEnd)
    ClearAttacks                             0x00000851   Thumb Code   198  lab8.o(i.ClearAttacks)
    Convert                                  0x00000925   Thumb Code    26  lab8.o(i.Convert)
    DAC_Init                                 0x00000945   Thumb Code    52  lab8.o(i.DAC_Init)
    Delay1ms                                 0x00000985   Thumb Code    32  st7735.o(i.Delay1ms)
    DrawBoss                                 0x000009a5   Thumb Code   148  lab8.o(i.DrawBoss)
    DrawPlayer                               0x00000a3d   Thumb Code   176  lab8.o(i.DrawPlayer)
    DrawPlayerAttack                         0x00000af9   Thumb Code   650  lab8.o(i.DrawPlayerAttack)
    IO_HeartBeat                             0x00000d95   Thumb Code    16  io.o(i.IO_HeartBeat)
    Output_Init                              0x00000dad   Thumb Code    16  st7735.o(i.Output_Init)
    PLL_Init                                 0x00000dbd   Thumb Code   120  pll.o(i.PLL_Init)
    PortF_Init                               0x00000e39   Thumb Code    94  io.o(i.PortF_Init)
    ST7735_DrawBitmap                        0x00000ea9   Thumb Code   280  st7735.o(i.ST7735_DrawBitmap)
    ST7735_DrawCharS                         0x00000fc9   Thumb Code   236  st7735.o(i.ST7735_DrawCharS)
    ST7735_DrawPixel                         0x000010c1   Thumb Code    64  st7735.o(i.ST7735_DrawPixel)
    ST7735_DrawString                        0x00001109   Thumb Code    84  st7735.o(i.ST7735_DrawString)
    ST7735_FillRect                          0x0000115d   Thumb Code   164  st7735.o(i.ST7735_FillRect)
    ST7735_FillScreen                        0x00001209   Thumb Code    28  st7735.o(i.ST7735_FillScreen)
    ST7735_InitR                             0x0000122d   Thumb Code    90  st7735.o(i.ST7735_InitR)
    ST7735_OutChar                           0x000012a9   Thumb Code   176  st7735.o(i.ST7735_OutChar)
    ST7735_OutString                         0x0000137d   Thumb Code    22  st7735.o(i.ST7735_OutString)
    ST7735_SetCursor                         0x00001395   Thumb Code    22  st7735.o(i.ST7735_SetCursor)
    StraightAttack                           0x000013b5   Thumb Code   638  lab8.o(i.StraightAttack)
    SysTick_Handler                          0x00001645   Thumb Code    48  lab8.o(i.SysTick_Handler)
    SysTick_Init                             0x00001685   Thumb Code    44  adc.o(i.SysTick_Init)
    Timer0A_Handler                          0x000016b9   Thumb Code    38  lab8.o(i.Timer0A_Handler)
    Timer0A_Init                             0x000016f1   Thumb Code    86  adc.o(i.Timer0A_Init)
    Timer1A_Handler                          0x00001759   Thumb Code    30  lab8.o(i.Timer1A_Handler)
    Timer1A_Init                             0x00001785   Thumb Code    86  adc.o(i.Timer1A_Init)
    TracerAttack                             0x000017ed   Thumb Code   288  lab8.o(i.TracerAttack)
    TracerAttackInit                         0x00001919   Thumb Code    60  lab8.o(i.TracerAttackInit)
    WaveAttack                               0x00001959   Thumb Code   610  lab8.o(i.WaveAttack)
    WaveAttackInit                           0x00001bcd   Thumb Code   246  lab8.o(i.WaveAttackInit)
    button                                   0x00001cc9   Thumb Code    20  io.o(i.button)
    button2                                  0x00001ce1   Thumb Code    18  io.o(i.button2)
    main                                     0x00001ed9   Thumb Code   218  lab8.o(i.main)
    xADC_In                                  0x00002089   Thumb Code    38  adc.o(i.xADC_In)
    xRandom                                  0x000020b5   Thumb Code    18  lab8.o(i.xRandom)
    yADC_In                                  0x000020c9   Thumb Code    38  adc.o(i.yADC_In)
    yRandom                                  0x000020f5   Thumb Code    22  lab8.o(i.yRandom)
    naruto                                   0x0000210c   Data         448  lab8.o(.constdata)
    blackbossattack                          0x000022cc   Data         448  lab8.o(.constdata)
    bossattackwidth                          0x0000248c   Data           4  lab8.o(.constdata)
    bossattackheight                         0x00002490   Data           4  lab8.o(.constdata)
    bossattack                               0x00002494   Data         476  lab8.o(.constdata)
    guitarwidth                              0x00002670   Data           4  lab8.o(.constdata)
    guitarheight                             0x00002674   Data           4  lab8.o(.constdata)
    guitar_small                             0x00002678   Data         816  lab8.o(.constdata)
    SmallEnemy10pointA                       0x000029a8   Data         320  lab8.o(.constdata)
    blackSmallEnemy10pointA                  0x00002ae8   Data         320  lab8.o(.constdata)
    playerattackwidth                        0x00002c28   Data           4  lab8.o(.constdata)
    playerattackheight                       0x00002c2c   Data           4  lab8.o(.constdata)
    playerattack                             0x00002c30   Data          60  lab8.o(.constdata)
    deadplayerattack                         0x00002c6c   Data          70  lab8.o(.constdata)
    horizontaltracerwidth                    0x00002cb4   Data           4  lab8.o(.constdata)
    horizontaltracerheight                   0x00002cb8   Data           4  lab8.o(.constdata)
    horizontaltracer                         0x00002cbc   Data         256  lab8.o(.constdata)
    deadhorizontaltracer                     0x00002dbc   Data         256  lab8.o(.constdata)
    verticaltracerwidth                      0x00002ebc   Data           4  lab8.o(.constdata)
    verticaltracerheight                     0x00002ec0   Data           4  lab8.o(.constdata)
    verticaltracer                           0x00002ec4   Data         318  lab8.o(.constdata)
    deadverticaltracer                       0x00003002   Data         318  lab8.o(.constdata)
    ns                                       0x00003140   Data         288  lab8.o(.constdata)
    sp                                       0x00003260   Data         288  lab8.o(.constdata)
    SmallEnemy10pointB                       0x00003380   Data         320  lab8.o(.constdata)
    SmallEnemy20pointA                       0x000034c0   Data         320  lab8.o(.constdata)
    SmallEnemy20pointB                       0x00003600   Data         320  lab8.o(.constdata)
    SmallEnemy30pointA                       0x00003740   Data         320  lab8.o(.constdata)
    SmallEnemy30pointB                       0x00003880   Data         320  lab8.o(.constdata)
    PlayerShip0                              0x000039c0   Data         288  lab8.o(.constdata)
    pship                                    0x00003ae0   Data         288  lab8.o(.constdata)
    Bunker0                                  0x00003c00   Data         180  lab8.o(.constdata)
    PlayerAttackStructSize                   0x00003cb4   Data           4  lab8.o(.constdata)
    StraightAttackStructSize                 0x00003cb8   Data           4  lab8.o(.constdata)
    WaveAttackStructSize                     0x00003cbc   Data           4  lab8.o(.constdata)
    TracerAttackStructSize                   0x00003cc0   Data           4  lab8.o(.constdata)
    dBfs                                     0x000042a6   Data         512  st7735.o(.constdata)
    Region$$Table$$Base                      0x000044a8   Number         0  anon$$obj.o(Region$$Table)
    Region$$Table$$Limit                     0x000044c8   Number         0  anon$$obj.o(Region$$Table)
    songlength                               0x20000000   Data           4  lab8.o(.data)
    piazza                                   0x20000004   Data           4  lab8.o(.data)
    Data                                     0x20000008   Data           4  lab8.o(.data)
    pos                                      0x2000000c   Data           4  lab8.o(.data)
    xPosition                                0x20000010   Data           4  lab8.o(.data)
    yPosition                                0x20000014   Data           4  lab8.o(.data)
    ADCStatus                                0x20000018   Data           4  lab8.o(.data)
    xADCMail                                 0x2000001c   Data           4  lab8.o(.data)
    yADCMail                                 0x20000020   Data           4  lab8.o(.data)
    sprite                                   0x20000024   Data          72  lab8.o(.data)
    PlayerAttack                             0x2000006c   Data         540  lab8.o(.data)
    BossAttack                               0x20000288   Data         180  lab8.o(.data)
    WaveAttackStruct                         0x2000033c   Data         360  lab8.o(.data)
    TracerAttackStruct                       0x200004a4   Data         360  lab8.o(.data)
    PlayerAttackFlag                         0x2000060c   Data           4  lab8.o(.data)
    straightattackflag                       0x20000610   Data           1  lab8.o(.data)
    waveattackflag                           0x20000611   Data           1  lab8.o(.data)
    tracerattackflag                         0x20000612   Data           1  lab8.o(.data)
    Index                                    0x20000614   Data           4  lab8.o(.data)
    pa                                       0x20000618   Data           4  lab8.o(.data)
    straighti                                0x2000061c   Data           4  lab8.o(.data)
    waveinitx                                0x20000620   Data          40  lab8.o(.data)
    waveinity                                0x20000648   Data          40  lab8.o(.data)
    wavei                                    0x20000670   Data           4  lab8.o(.data)
    StX                                      0x20000674   Data           4  st7735.o(.data)
    StY                                      0x20000678   Data           4  st7735.o(.data)
    StTextColor                              0x2000067c   Data           2  st7735.o(.data)
    Messageindex                             0x20000688   Data           4  st7735.o(.data)
    Ymax                                     0x2000068c   Data           4  st7735.o(.data)
    Ymin                                     0x20000690   Data           4  st7735.o(.data)
    X                                        0x20000694   Data           4  st7735.o(.data)
    Yrange                                   0x20000698   Data           4  st7735.o(.data)
    lastj                                    0x2000069c   Data           4  st7735.o(.data)
    __libspace_start                         0x200006a4   Data          96  libspace.o(.bss)
    __temporary_stack_top$libspace           0x20000704   Data           0  libspace.o(.bss)



==============================================================================

Memory Map of the image

  Image Entry point : 0x0000026d

  Load Region LR_1 (Base: 0x00000000, Size: 0x00004b6c, Max: 0xffffffff, ABSOLUTE, COMPRESSED[0x00004568])

    Execution Region ER_RO (Exec base: 0x00000000, Load base: 0x00000000, Size: 0x000044c8, Max: 0xffffffff, ABSOLUTE)

    Exec Addr    Load Addr    Size         Type   Attr      Idx    E Section Name        Object

    0x00000000   0x00000000   0x00000284   Code   RO            3  * RESET               startup.o
    0x00000284   0x00000284   0x00000008   Code   RO          546  * !!!main             c_w.l(__main.o)
    0x0000028c   0x0000028c   0x00000034   Code   RO          705    !!!scatter          c_w.l(__scatter.o)
    0x000002c0   0x000002c0   0x0000005a   Code   RO          703    !!dczerorl2         c_w.l(__dczerorl2.o)
    0x0000031a   0x0000031a   0x00000002   PAD
    0x0000031c   0x0000031c   0x0000001c   Code   RO          707    !!handler_zi        c_w.l(__scatter_zi.o)
    0x00000338   0x00000338   0x00000002   Code   RO          573    .ARM.Collect$$libinit$$00000000  c_w.l(libinit.o)
    0x0000033a   0x0000033a   0x00000000   Code   RO          580    .ARM.Collect$$libinit$$00000002  c_w.l(libinit2.o)
    0x0000033a   0x0000033a   0x00000000   Code   RO          582    .ARM.Collect$$libinit$$00000004  c_w.l(libinit2.o)
    0x0000033a   0x0000033a   0x00000000   Code   RO          585    .ARM.Collect$$libinit$$0000000A  c_w.l(libinit2.o)
    0x0000033a   0x0000033a   0x00000000   Code   RO          587    .ARM.Collect$$libinit$$0000000C  c_w.l(libinit2.o)
    0x0000033a   0x0000033a   0x00000000   Code   RO          589    .ARM.Collect$$libinit$$0000000E  c_w.l(libinit2.o)
    0x0000033a   0x0000033a   0x00000000   Code   RO          592    .ARM.Collect$$libinit$$00000011  c_w.l(libinit2.o)
    0x0000033a   0x0000033a   0x00000000   Code   RO          594    .ARM.Collect$$libinit$$00000013  c_w.l(libinit2.o)
    0x0000033a   0x0000033a   0x00000000   Code   RO          596    .ARM.Collect$$libinit$$00000015  c_w.l(libinit2.o)
    0x0000033a   0x0000033a   0x00000000   Code   RO          598    .ARM.Collect$$libinit$$00000017  c_w.l(libinit2.o)
    0x0000033a   0x0000033a   0x00000000   Code   RO          600    .ARM.Collect$$libinit$$00000019  c_w.l(libinit2.o)
    0x0000033a   0x0000033a   0x00000000   Code   RO          602    .ARM.Collect$$libinit$$0000001B  c_w.l(libinit2.o)
    0x0000033a   0x0000033a   0x00000000   Code   RO          604    .ARM.Collect$$libinit$$0000001D  c_w.l(libinit2.o)
    0x0000033a   0x0000033a   0x00000000   Code   RO          606    .ARM.Collect$$libinit$$0000001F  c_w.l(libinit2.o)
    0x0000033a   0x0000033a   0x00000000   Code   RO          608    .ARM.Collect$$libinit$$00000021  c_w.l(libinit2.o)
    0x0000033a   0x0000033a   0x00000000   Code   RO          610    .ARM.Collect$$libinit$$00000023  c_w.l(libinit2.o)
    0x0000033a   0x0000033a   0x00000000   Code   RO          612    .ARM.Collect$$libinit$$00000025  c_w.l(libinit2.o)
    0x0000033a   0x0000033a   0x00000000   Code   RO          616    .ARM.Collect$$libinit$$0000002C  c_w.l(libinit2.o)
    0x0000033a   0x0000033a   0x00000000   Code   RO          618    .ARM.Collect$$libinit$$0000002E  c_w.l(libinit2.o)
    0x0000033a   0x0000033a   0x00000000   Code   RO          620    .ARM.Collect$$libinit$$00000030  c_w.l(libinit2.o)
    0x0000033a   0x0000033a   0x00000000   Code   RO          622    .ARM.Collect$$libinit$$00000032  c_w.l(libinit2.o)
    0x0000033a   0x0000033a   0x00000002   Code   RO          623    .ARM.Collect$$libinit$$00000033  c_w.l(libinit2.o)
    0x0000033c   0x0000033c   0x00000002   Code   RO          643    .ARM.Collect$$libshutdown$$00000000  c_w.l(libshutdown.o)
    0x0000033e   0x0000033e   0x00000000   Code   RO          656    .ARM.Collect$$libshutdown$$00000002  c_w.l(libshutdown2.o)
    0x0000033e   0x0000033e   0x00000000   Code   RO          658    .ARM.Collect$$libshutdown$$00000004  c_w.l(libshutdown2.o)
    0x0000033e   0x0000033e   0x00000000   Code   RO          661    .ARM.Collect$$libshutdown$$00000007  c_w.l(libshutdown2.o)
    0x0000033e   0x0000033e   0x00000000   Code   RO          664    .ARM.Collect$$libshutdown$$0000000A  c_w.l(libshutdown2.o)
    0x0000033e   0x0000033e   0x00000000   Code   RO          666    .ARM.Collect$$libshutdown$$0000000C  c_w.l(libshutdown2.o)
    0x0000033e   0x0000033e   0x00000000   Code   RO          669    .ARM.Collect$$libshutdown$$0000000F  c_w.l(libshutdown2.o)
    0x0000033e   0x0000033e   0x00000002   Code   RO          670    .ARM.Collect$$libshutdown$$00000010  c_w.l(libshutdown2.o)
    0x00000340   0x00000340   0x00000000   Code   RO          548    .ARM.Collect$$rtentry$$00000000  c_w.l(__rtentry.o)
    0x00000340   0x00000340   0x00000000   Code   RO          550    .ARM.Collect$$rtentry$$00000002  c_w.l(__rtentry2.o)
    0x00000340   0x00000340   0x00000006   Code   RO          562    .ARM.Collect$$rtentry$$00000004  c_w.l(__rtentry4.o)
    0x00000346   0x00000346   0x00000000   Code   RO          552    .ARM.Collect$$rtentry$$00000009  c_w.l(__rtentry2.o)
    0x00000346   0x00000346   0x00000004   Code   RO          553    .ARM.Collect$$rtentry$$0000000A  c_w.l(__rtentry2.o)
    0x0000034a   0x0000034a   0x00000000   Code   RO          555    .ARM.Collect$$rtentry$$0000000C  c_w.l(__rtentry2.o)
    0x0000034a   0x0000034a   0x00000008   Code   RO          556    .ARM.Collect$$rtentry$$0000000D  c_w.l(__rtentry2.o)
    0x00000352   0x00000352   0x00000002   Code   RO          577    .ARM.Collect$$rtexit$$00000000  c_w.l(rtexit.o)
    0x00000354   0x00000354   0x00000000   Code   RO          625    .ARM.Collect$$rtexit$$00000002  c_w.l(rtexit2.o)
    0x00000354   0x00000354   0x00000004   Code   RO          626    .ARM.Collect$$rtexit$$00000003  c_w.l(rtexit2.o)
    0x00000358   0x00000358   0x00000006   Code   RO          627    .ARM.Collect$$rtexit$$00000004  c_w.l(rtexit2.o)
    0x0000035e   0x0000035e   0x00000002   PAD
    0x00000360   0x00000360   0x00000030   Code   RO            4    .text               startup.o
    0x00000390   0x00000390   0x00000058   Code   RO           12    .text               lcd.o
    0x000003e8   0x000003e8   0x0000011c   Code   RO           15    .text               print.o
    0x00000504   0x00000504   0x00000040   Code   RO          491    .text               random.o
    0x00000544   0x00000544   0x00000006   Code   RO          544    .text               c_w.l(heapauxi.o)
    0x0000054a   0x0000054a   0x0000004a   Code   RO          564    .text               c_w.l(sys_stackheap_outer.o)
    0x00000594   0x00000594   0x00000012   Code   RO          566    .text               c_w.l(exit.o)
    0x000005a6   0x000005a6   0x00000002   PAD
    0x000005a8   0x000005a8   0x00000008   Code   RO          574    .text               c_w.l(libspace.o)
    0x000005b0   0x000005b0   0x0000000c   Code   RO          635    .text               c_w.l(sys_exit.o)
    0x000005bc   0x000005bc   0x00000002   Code   RO          646    .text               c_w.l(use_no_semi.o)
    0x000005be   0x000005be   0x00000000   Code   RO          648    .text               c_w.l(indicate_semi.o)
    0x000005be   0x000005be   0x00000002   PAD
    0x000005c0   0x000005c0   0x0000015c   Code   RO           18    i.ADC_Init          adc.o
    0x0000071c   0x0000071c   0x00000010   Code   RO           70    i.BinaryRandom      lab8.o
    0x0000072c   0x0000072c   0x00000054   Code   RO           71    i.CheckCollision    lab8.o
    0x00000780   0x00000780   0x000000d0   Code   RO           72    i.CheckEnd          lab8.o
    0x00000850   0x00000850   0x000000d4   Code   RO           73    i.ClearAttacks      lab8.o
    0x00000924   0x00000924   0x00000020   Code   RO           74    i.Convert           lab8.o
    0x00000944   0x00000944   0x00000040   Code   RO           75    i.DAC_Init          lab8.o
    0x00000984   0x00000984   0x00000020   Code   RO          227    i.Delay1ms          st7735.o
    0x000009a4   0x000009a4   0x00000098   Code   RO           77    i.DrawBoss          lab8.o
    0x00000a3c   0x00000a3c   0x000000bc   Code   RO           78    i.DrawPlayer        lab8.o
    0x00000af8   0x00000af8   0x0000029c   Code   RO           79    i.DrawPlayerAttack  lab8.o
    0x00000d94   0x00000d94   0x00000018   Code   RO          494    i.IO_HeartBeat      io.o
    0x00000dac   0x00000dac   0x00000010   Code   RO          230    i.Output_Init       st7735.o
    0x00000dbc   0x00000dbc   0x0000007c   Code   RO          524    i.PLL_Init          pll.o
    0x00000e38   0x00000e38   0x00000070   Code   RO          495    i.PortF_Init        io.o
    0x00000ea8   0x00000ea8   0x00000120   Code   RO          234    i.ST7735_DrawBitmap  st7735.o
    0x00000fc8   0x00000fc8   0x000000f8   Code   RO          236    i.ST7735_DrawCharS  st7735.o
    0x000010c0   0x000010c0   0x00000048   Code   RO          239    i.ST7735_DrawPixel  st7735.o
    0x00001108   0x00001108   0x00000054   Code   RO          240    i.ST7735_DrawString  st7735.o
    0x0000115c   0x0000115c   0x000000ac   Code   RO          241    i.ST7735_FillRect   st7735.o
    0x00001208   0x00001208   0x00000024   Code   RO          242    i.ST7735_FillScreen  st7735.o
    0x0000122c   0x0000122c   0x0000007c   Code   RO          244    i.ST7735_InitR      st7735.o
    0x000012a8   0x000012a8   0x000000d4   Code   RO          246    i.ST7735_OutChar    st7735.o
    0x0000137c   0x0000137c   0x00000016   Code   RO          247    i.ST7735_OutString  st7735.o
    0x00001392   0x00001392   0x00000002   PAD
    0x00001394   0x00001394   0x00000020   Code   RO          257    i.ST7735_SetCursor  st7735.o
    0x000013b4   0x000013b4   0x00000290   Code   RO           80    i.StraightAttack    lab8.o
    0x00001644   0x00001644   0x00000040   Code   RO           81    i.SysTick_Handler   lab8.o
    0x00001684   0x00001684   0x00000034   Code   RO           19    i.SysTick_Init      adc.o
    0x000016b8   0x000016b8   0x00000038   Code   RO           82    i.Timer0A_Handler   lab8.o
    0x000016f0   0x000016f0   0x00000068   Code   RO           20    i.Timer0A_Init      adc.o
    0x00001758   0x00001758   0x0000002c   Code   RO           83    i.Timer1A_Handler   lab8.o
    0x00001784   0x00001784   0x00000068   Code   RO           21    i.Timer1A_Init      adc.o
    0x000017ec   0x000017ec   0x0000012c   Code   RO           84    i.TracerAttack      lab8.o
    0x00001918   0x00001918   0x00000040   Code   RO           85    i.TracerAttackInit  lab8.o
    0x00001958   0x00001958   0x00000274   Code   RO           86    i.WaveAttack        lab8.o
    0x00001bcc   0x00001bcc   0x000000fc   Code   RO           87    i.WaveAttackInit    lab8.o
    0x00001cc8   0x00001cc8   0x00000018   Code   RO          496    i.button            io.o
    0x00001ce0   0x00001ce0   0x00000018   Code   RO          497    i.button2           io.o
    0x00001cf8   0x00001cf8   0x00000056   Code   RO          261    i.commandList       st7735.o
    0x00001d4e   0x00001d4e   0x00000002   PAD
    0x00001d50   0x00001d50   0x00000188   Code   RO          262    i.commonInit        st7735.o
    0x00001ed8   0x00001ed8   0x00000128   Code   RO           88    i.main              lab8.o
    0x00002000   0x00002000   0x00000012   Code   RO          267    i.pushColor         st7735.o
    0x00002012   0x00002012   0x00000002   PAD
    0x00002014   0x00002014   0x00000074   Code   RO          268    i.setAddrWindow     st7735.o
    0x00002088   0x00002088   0x0000002c   Code   RO           22    i.xADC_In           adc.o
    0x000020b4   0x000020b4   0x00000012   Code   RO           89    i.xRandom           lab8.o
    0x000020c6   0x000020c6   0x00000002   PAD
    0x000020c8   0x000020c8   0x0000002c   Code   RO           23    i.yADC_In           adc.o
    0x000020f4   0x000020f4   0x00000016   Code   RO           90    i.yRandom           lab8.o
    0x0000210a   0x0000210a   0x00000002   PAD
    0x0000210c   0x0000210c   0x00001bb8   Data   RO           91    .constdata          lab8.o
    0x00003cc4   0x00003cc4   0x000007e2   Data   RO          270    .constdata          st7735.o
    0x000044a6   0x000044a6   0x00000002   PAD
    0x000044a8   0x000044a8   0x00000020   Data   RO          701    Region$$Table       anon$$obj.o


    Execution Region ER_RW (Exec base: 0x20000000, Load base: 0x000044c8, Size: 0x000006a4, Max: 0xffffffff, ABSOLUTE, COMPRESSED[0x000000a0])

    Exec Addr    Load Addr    Size         Type   Attr      Idx    E Section Name        Object

    0x20000000   COMPRESSED   0x00000674   Data   RW           92    .data               lab8.o
    0x20000674   COMPRESSED   0x0000002c   Data   RW          271    .data               st7735.o
    0x200006a0   COMPRESSED   0x00000004   Data   RW          490    DATA                random.o


    Execution Region ER_ZI (Exec base: 0x200006a4, Load base: 0x00004568, Size: 0x00000464, Max: 0xffffffff, ABSOLUTE)

    Exec Addr    Load Addr    Size         Type   Attr      Idx    E Section Name        Object

    0x200006a4        -       0x00000060   Zero   RW          575    .bss                c_w.l(libspace.o)
    0x20000704   0x00004568   0x00000004   PAD
    0x20000708        -       0x00000000   Zero   RW            2    HEAP                startup.o
    0x20000708        -       0x00000400   Zero   RW            1    STACK               startup.o


==============================================================================

Image component sizes


      Code (inc. data)   RO Data    RW Data    ZI Data      Debug   Object Name

       696         82          0          0          0       7284   adc.o
       184         36          0          0          0       1615   io.o
      4024        306       7096       1652          0      15597   lab8.o
        88         12          0          0          0        244   lcd.o
       124          4          0          0          0        447   pll.o
       284          2          0          0          0        312   print.o
        64         14          0          4          0        240   random.o
      1950        184       2018         44          0      13140   st7735.o
       692        632          0          0       1024        980   startup.o

    ----------------------------------------------------------------------
      8116       1272       9148       1700       1024      39859   Object Totals
         0          0         32          0          0          0   (incl. Generated)
        10          0          2          0          0          0   (incl. Padding)

    ----------------------------------------------------------------------

      Code (inc. data)   RO Data    RW Data    ZI Data      Debug   Library Member Name

        90          0          0          0          0          0   __dczerorl2.o
         8          0          0          0          0         68   __main.o
         0          0          0          0          0          0   __rtentry.o
        12          0          0          0          0          0   __rtentry2.o
         6          0          0          0          0          0   __rtentry4.o
        52          8          0          0          0          0   __scatter.o
        28          0          0          0          0          0   __scatter_zi.o
        18          0          0          0          0         80   exit.o
         6          0          0          0          0        152   heapauxi.o
         0          0          0          0          0          0   indicate_semi.o
         2          0          0          0          0          0   libinit.o
         2          0          0          0          0          0   libinit2.o
         2          0          0          0          0          0   libshutdown.o
         2          0          0          0          0          0   libshutdown2.o
         8          4          0          0         96         68   libspace.o
         2          0          0          0          0          0   rtexit.o
        10          0          0          0          0          0   rtexit2.o
        12          4          0          0          0         68   sys_exit.o
        74          0          0          0          0         80   sys_stackheap_outer.o
         2          0          0          0          0         68   use_no_semi.o

    ----------------------------------------------------------------------
       344         16          0          0        100        584   Library Totals
         8          0          0          0          4          0   (incl. Padding)

    ----------------------------------------------------------------------

      Code (inc. data)   RO Data    RW Data    ZI Data      Debug   Library Name

       336         16          0          0         96        584   c_w.l

    ----------------------------------------------------------------------
       344         16          0          0        100        584   Library Totals

    ----------------------------------------------------------------------

==============================================================================


      Code (inc. data)   RO Data    RW Data    ZI Data      Debug   

      8460       1288       9148       1700       1124      38099   Grand Totals
      8460       1288       9148        160       1124      38099   ELF Image Totals (compressed)
      8460       1288       9148        160          0          0   ROM Totals

==============================================================================

    Total RO  Size (Code + RO Data)                17608 (  17.20kB)
    Total RW  Size (RW Data + ZI Data)              2824 (   2.76kB)
    Total ROM Size (Code + RO Data + RW Data)      17768 (  17.35kB)

==============================================================================

